Archive member included to satisfy reference by file (symbol)

/usr/lib/gcc/arm-none-eabi/15.2.0/thumb/v6-m/nofp/libgcc.a(_dvmd_tls.o)
                              CMakeFiles/blink_bare.dir/home/minilay/Workspace/pico/pico-sdk/src/rp2_common/pico_divider/divider_hardware.S.o (__aeabi_idiv0)
/usr/lib/gcc/arm-none-eabi/15.2.0/../../../../arm-none-eabi/lib/thumb/v6-m/nofp/libg.a(libc_a-atexit.o)
                              /usr/lib/gcc/arm-none-eabi/15.2.0/../../../../arm-none-eabi/lib/thumb/v6-m/nofp/crt0.o (atexit)
/usr/lib/gcc/arm-none-eabi/15.2.0/../../../../arm-none-eabi/lib/thumb/v6-m/nofp/libg.a(libc_a-calloc.o)
                              CMakeFiles/blink_bare.dir/home/minilay/Workspace/pico/pico-sdk/src/rp2_common/pico_malloc/malloc.c.o (calloc)
/usr/lib/gcc/arm-none-eabi/15.2.0/../../../../arm-none-eabi/lib/thumb/v6-m/nofp/libg.a(libc_a-callocr.o)
                              /usr/lib/gcc/arm-none-eabi/15.2.0/../../../../arm-none-eabi/lib/thumb/v6-m/nofp/libg.a(libc_a-calloc.o) (_calloc_r)
/usr/lib/gcc/arm-none-eabi/15.2.0/../../../../arm-none-eabi/lib/thumb/v6-m/nofp/libg.a(libc_a-malloc.o)
                              CMakeFiles/blink_bare.dir/home/minilay/Workspace/pico/pico-sdk/src/rp2_common/pico_malloc/malloc.c.o (malloc)
/usr/lib/gcc/arm-none-eabi/15.2.0/../../../../arm-none-eabi/lib/thumb/v6-m/nofp/libg.a(libc_a-mallocr.o)
                              /usr/lib/gcc/arm-none-eabi/15.2.0/../../../../arm-none-eabi/lib/thumb/v6-m/nofp/libg.a(libc_a-callocr.o) (_malloc_r)
/usr/lib/gcc/arm-none-eabi/15.2.0/../../../../arm-none-eabi/lib/thumb/v6-m/nofp/libg.a(libc_a-mlock.o)
                              /usr/lib/gcc/arm-none-eabi/15.2.0/../../../../arm-none-eabi/lib/thumb/v6-m/nofp/libg.a(libc_a-mallocr.o) (__malloc_lock)
/usr/lib/gcc/arm-none-eabi/15.2.0/../../../../arm-none-eabi/lib/thumb/v6-m/nofp/libg.a(libc_a-realloc.o)
                              CMakeFiles/blink_bare.dir/home/minilay/Workspace/pico/pico-sdk/src/rp2_common/pico_malloc/malloc.c.o (realloc)
/usr/lib/gcc/arm-none-eabi/15.2.0/../../../../arm-none-eabi/lib/thumb/v6-m/nofp/libg.a(libc_a-reallocr.o)
                              /usr/lib/gcc/arm-none-eabi/15.2.0/../../../../arm-none-eabi/lib/thumb/v6-m/nofp/libg.a(libc_a-realloc.o) (_realloc_r)
/usr/lib/gcc/arm-none-eabi/15.2.0/../../../../arm-none-eabi/lib/thumb/v6-m/nofp/libg.a(libc_a-memcmp.o)
                              CMakeFiles/blink_bare.dir/home/minilay/Workspace/pico/pico-sdk/src/rp2_common/pico_atomic/atomic.c.o (memcmp)
/usr/lib/gcc/arm-none-eabi/15.2.0/../../../../arm-none-eabi/lib/thumb/v6-m/nofp/libg.a(libc_a-memmove.o)
                              /usr/lib/gcc/arm-none-eabi/15.2.0/../../../../arm-none-eabi/lib/thumb/v6-m/nofp/libg.a(libc_a-reallocr.o) (memmove)
/usr/lib/gcc/arm-none-eabi/15.2.0/../../../../arm-none-eabi/lib/thumb/v6-m/nofp/libg.a(libc_a-lcltime_r.o)
                              CMakeFiles/blink_bare.dir/home/minilay/Workspace/pico/pico-sdk/src/common/pico_util/datetime.c.o (localtime_r)
/usr/lib/gcc/arm-none-eabi/15.2.0/../../../../arm-none-eabi/lib/thumb/v6-m/nofp/libg.a(libc_a-mktime.o)
                              CMakeFiles/blink_bare.dir/home/minilay/Workspace/pico/pico-sdk/src/common/pico_util/datetime.c.o (mktime)
/usr/lib/gcc/arm-none-eabi/15.2.0/../../../../arm-none-eabi/lib/thumb/v6-m/nofp/libg.a(libc_a-month_lengths.o)
                              /usr/lib/gcc/arm-none-eabi/15.2.0/../../../../arm-none-eabi/lib/thumb/v6-m/nofp/libg.a(libc_a-lcltime_r.o) (__month_lengths)
/usr/lib/gcc/arm-none-eabi/15.2.0/../../../../arm-none-eabi/lib/thumb/v6-m/nofp/libg.a(libc_a-tzcalc_limits.o)
                              /usr/lib/gcc/arm-none-eabi/15.2.0/../../../../arm-none-eabi/lib/thumb/v6-m/nofp/libg.a(libc_a-lcltime_r.o) (__tzcalc_limits)
/usr/lib/gcc/arm-none-eabi/15.2.0/../../../../arm-none-eabi/lib/thumb/v6-m/nofp/libg.a(libc_a-tzlock.o)
                              /usr/lib/gcc/arm-none-eabi/15.2.0/../../../../arm-none-eabi/lib/thumb/v6-m/nofp/libg.a(libc_a-lcltime_r.o) (__tz_lock)
/usr/lib/gcc/arm-none-eabi/15.2.0/../../../../arm-none-eabi/lib/thumb/v6-m/nofp/libg.a(libc_a-tzset.o)
                              /usr/lib/gcc/arm-none-eabi/15.2.0/../../../../arm-none-eabi/lib/thumb/v6-m/nofp/libg.a(libc_a-lcltime_r.o) (_tzset_unlocked)
/usr/lib/gcc/arm-none-eabi/15.2.0/../../../../arm-none-eabi/lib/thumb/v6-m/nofp/libg.a(libc_a-tzset_r.o)
                              /usr/lib/gcc/arm-none-eabi/15.2.0/../../../../arm-none-eabi/lib/thumb/v6-m/nofp/libg.a(libc_a-tzset.o) (_tzset_unlocked_r)
/usr/lib/gcc/arm-none-eabi/15.2.0/../../../../arm-none-eabi/lib/thumb/v6-m/nofp/libg.a(libc_a-tzvars.o)
                              /usr/lib/gcc/arm-none-eabi/15.2.0/../../../../arm-none-eabi/lib/thumb/v6-m/nofp/libg.a(libc_a-tzset_r.o) (_timezone)
/usr/lib/gcc/arm-none-eabi/15.2.0/../../../../arm-none-eabi/lib/thumb/v6-m/nofp/libg.a(libc_a-impure.o)
[...]
Memory Configuration

Name             Origin             Length             Attributes
FLASH            0x10000000         0x00200000         xr
RAM              0x20000000         0x00040000         xrw
SCRATCH_X        0x20040000         0x00001000         xrw
SCRATCH_Y        0x20041000         0x00001000         xrw
*default*        0x00000000         0xffffffff

Linker script and memory map

LOAD /usr/lib/gcc/arm-none-eabi/15.2.0/thumb/v6-m/nofp/crti.o
LOAD /usr/lib/gcc/arm-none-eabi/15.2.0/thumb/v6-m/nofp/crtbegin.o
LOAD /usr/lib/gcc/arm-none-eabi/15.2.0/../../../../arm-none-eabi/lib/thumb/v6-m/nofp/crt0.o

.flash_begin    0x10000000        0x0
                0x10000000                        __flash_binary_start = .

.boot2          0x10000000      0x100
                0x10000000                        __boot2_start__ = .
 *(.boot2)
 .boot2         0x10000000      0x100 pico-sdk/src/rp2040/boot_stage2/CMakeFiles/bs2_default_library.dir/bs2_default_padded_checksummed.S.o
                0x10000100                        __boot2_end__ = .
                0x00000001                        ASSERT (((__boot2_end__ - __boot2_start__) == 0x100), ERROR: Pico second stage bootloader must be 256 bytes in size)

.text           0x10000100     0x36e4
                0x10000100                        __logical_binary_start = .
 *(.vectors)
 .vectors       0x10000100       0xd4 CMakeFiles/blink_bare.dir/home/minilay/Workspace/pico/pico-sdk/src/rp2_common/pico_crt0/crt0.S.o
                0x10000100                __vectors
                0x10000100                __VECTOR_TABLE
                0x100001c0                isr_irq30
                0x100001c0                __unhandled_user_irq
                0x100001c0                isr_irq13
                0x100001c0                isr_irq27
                0x100001c0                isr_irq31
                0x100001c0                isr_irq5
                0x100001c0                isr_irq11
                0x100001c0                isr_irq23
                0x100001c0                isr_irq18
                0x100001c0                isr_irq28
                0x100001c0                isr_irq19
                0x100001c0                isr_irq0
                0x100001c0                isr_irq6
                0x100001c0                isr_irq22
                0x100001c0                isr_irq17
                0x100001c0                isr_irq14
                0x100001c0                __vectors_end
                0x100001c0                __default_isrs_start
                0x100001c0                isr_irq2
                0x100001c0                isr_irq10
                0x100001c0                isr_irq8
                0x100001c0                isr_irq24
                0x100001c0                isr_irq1
                0x100001c0                isr_irq7
                0x100001c0                isr_irq21
                0x100001c0                isr_irq20
                0x100001c0                isr_irq15
                0x100001c0                isr_irq25
                0x100001c0                isr_irq4
                0x100001c0                isr_irq16
                0x100001c0                isr_irq29
                0x100001c0                isr_irq26
                0x100001c0                isr_irq3
                0x100001c0                isr_irq12
                0x100001c0                isr_irq9
                0x100001c6                unhandled_user_irq_num_in_r0
                0x100001c8                isr_invalid
                0x100001ca                isr_nmi
                0x100001cc                isr_hardfault
                0x100001ce                isr_svcall
                0x100001d0                isr_pendsv
                0x100001d2                isr_systick
                0x100001d4                __default_isrs_end
 *(.binary_info_header)
 .binary_info_header
                0x100001d4       0x14 CMakeFiles/blink_bare.dir/home/minilay/Workspace/pico/pico-sdk/src/rp2_common/pico_crt0/crt0.S.o
                0x100001e8                        __binary_info_header_end = .
 *(.embedded_block)
                0x100001e8                        __embedded_block_end = .
 *(.reset)
 .reset         0x100001e8       0x9c CMakeFiles/blink_bare.dir/home/minilay/Workspace/pico/pico-sdk/src/rp2_common/pico_crt0/crt0.S.o
                0x100001e8                _entry_point
 *(.init)
 .init          0x10000284        0x4 /usr/lib/gcc/arm-none-eabi/15.2.0/thumb/v6-m/nofp/crti.o
                0x10000284                _init
 *(EXCLUDE_FILE(*libm.a: *libc.a:*lib_a-mem*.o *libgcc.a:) .text*)
 .text          0x10000288       0x98 /usr/lib/gcc/arm-none-eabi/15.2.0/thumb/v6-m/nofp/crtbegin.o
 .text.startup.main
                0x10000320       0x74 CMakeFiles/blink_bare.dir/main.c.o
                0x10000320                main
 .text.panic    0x10000394       0x30 CMakeFiles/blink_bare.dir/home/minilay/Workspace/pico/pico-sdk/src/rp2_common/pico_platform_panic/panic.c.o
                0x10000394                panic
 .text.hw_claim_or_assert
                0x100003c4       0x50 CMakeFiles/blink_bare.dir/home/minilay/Workspace/pico/pico-sdk/src/common/hardware_claim/claim.c.o
                0x100003c4                hw_claim_or_assert
 .text.next_striped_spin_lock_num
                0x10000414       0x18 CMakeFiles/blink_bare.dir/home/minilay/Workspace/pico/pico-sdk/src/rp2_common/hardware_sync/sync.c.o
                0x10000414                next_striped_spin_lock_num
 .text.spin_locks_reset
                0x1000042c       0x1c CMakeFiles/blink_bare.dir/home/minilay/Workspace/pico/pico-sdk/src/rp2_common/hardware_sync_spin_lock/sync_spin_lock.c.o
                0x1000042c                spin_locks_reset
 .text.runtime_init_per_core_irq_priorities
                0x10000448       0x20 CMakeFiles/blink_bare.dir/home/minilay/Workspace/pico/pico-sdk/src/rp2_common/hardware_irq/irq.c.o
                0x10000448                runtime_init_per_core_irq_priorities
 .text.irq_set_enabled
                0x10000468       0x24 CMakeFiles/blink_bare.dir/home/minilay/Workspace/pico/pico-sdk/src/rp2_common/hardware_irq/irq.c.o
                0x10000468                irq_set_enabled
 .text.irq_set_exclusive_handler
                0x1000048c       0x68 CMakeFiles/blink_bare.dir/home/minilay/Workspace/pico/pico-sdk/src/rp2_common/hardware_irq/irq.c.o
                0x1000048c                irq_set_exclusive_handler
 .text.lock_init
                0x100004f4       0x10 CMakeFiles/blink_bare.dir/home/minilay/Workspace/pico/pico-sdk/src/common/pico_sync/lock_core.c.o
                0x100004f4                lock_init
 .text.runtime_init_mutex
                0x10000504       0x6c CMakeFiles/blink_bare.dir/home/minilay/Workspace/pico/pico-sdk/src/common/pico_sync/mutex.c.o
                0x10000504                runtime_init_mutex
 .text.sleep_until_callback
                0x10000570       0x30 CMakeFiles/blink_bare.dir/home/minilay/Workspace/pico/pico-sdk/src/common/pico_time/time.c.o
 .text.alarm_pool_get_default.part.0
                0x100005a0       0x1c CMakeFiles/blink_bare.dir/home/minilay/Workspace/pico/pico-sdk/src/common/pico_time/time.c.o
 .text.alarm_pool_irq_handler
                0x100005bc      0x314 CMakeFiles/blink_bare.dir/home/minilay/Workspace/pico/pico-sdk/src/common/pico_time/time.c.o
 .text.runtime_init_default_alarm_pool
                0x100008d0       0x9c CMakeFiles/blink_bare.dir/home/minilay/Workspace/pico/pico-sdk/src/common/pico_time/time.c.o
                0x100008d0                runtime_init_default_alarm_pool
 .text.alarm_pool_add_alarm_at_force_in_context
                0x1000096c       0xbc CMakeFiles/blink_bare.dir/home/minilay/Workspace/pico/pico-sdk/src/common/pico_time/time.c.o
                0x1000096c                alarm_pool_add_alarm_at_force_in_context
 .text.alarm_pool_cancel_alarm
                0x10000a28       0x74 CMakeFiles/blink_bare.dir/home/minilay/Workspace/pico/pico-sdk/src/common/pico_time/time.c.o
                0x10000a28                alarm_pool_cancel_alarm
 .text.best_effort_wfe_or_timeout
                0x10000a9c      0x120 CMakeFiles/blink_bare.dir/home/minilay/Workspace/pico/pico-sdk/src/common/pico_time/time.c.o
                0x10000a9c                best_effort_wfe_or_timeout
 .text.timer_hardware_alarm_claim
                0x10000bbc       0x14 CMakeFiles/blink_bare.dir/home/minilay/Workspace/pico/pico-sdk/src/rp2_common/hardware_timer/timer.c.o
                0x10000bbc                timer_hardware_alarm_claim
 .text.timer_time_us_64
                0x10000bd0       0x10 CMakeFiles/blink_bare.dir/home/minilay/Workspace/pico/pico-sdk/src/rp2_common/hardware_timer/timer.c.o
                0x10000bd0                timer_time_us_64
 .text.time_us_64
                0x10000be0       0x14 CMakeFiles/blink_bare.dir/home/minilay/Workspace/pico/pico-sdk/src/rp2_common/hardware_timer/timer.c.o
                0x10000be0                time_us_64
 .text.clock_configure_internal
                0x10000bf4       0xdc CMakeFiles/blink_bare.dir/home/minilay/Workspace/pico/pico-sdk/src/rp2_common/hardware_clocks/clocks.c.o
 .text.clock_configure_int_divider
                0x10000cd0       0x28 CMakeFiles/blink_bare.dir/home/minilay/Workspace/pico/pico-sdk/src/rp2_common/hardware_clocks/clocks.c.o
                0x10000cd0                clock_configure_int_divider
 .text.clock_configure_undivided
                0x10000cf8       0x14 CMakeFiles/blink_bare.dir/home/minilay/Workspace/pico/pico-sdk/src/rp2_common/hardware_clocks/clocks.c.o
                0x10000cf8                clock_configure_undivided
 .text.clock_get_hz
                0x10000d0c        0xc CMakeFiles/blink_bare.dir/home/minilay/Workspace/pico/pico-sdk/src/rp2_common/hardware_clocks/clocks.c.o
                0x10000d0c                clock_get_hz
 .text.pll_init
                0x10000d18      0x108 CMakeFiles/blink_bare.dir/home/minilay/Workspace/pico/pico-sdk/src/rp2_common/hardware_pll/pll.c.o
                0x10000d18                pll_init
 .text.tick_start
                0x10000e20       0x10 CMakeFiles/blink_bare.dir/home/minilay/Workspace/pico/pico-sdk/src/rp2_common/hardware_ticks/ticks.c.o
                0x10000e20                tick_start
 .text.rom_func_lookup
                0x10000e30       0x10 CMakeFiles/blink_bare.dir/home/minilay/Workspace/pico/pico-sdk/src/rp2_common/pico_bootrom/bootrom.c.o
                0x10000e30                rom_func_lookup
 .text.rom_data_lookup
                0x10000e40       0x10 CMakeFiles/blink_bare.dir/home/minilay/Workspace/pico/pico-sdk/src/rp2_common/pico_bootrom/bootrom.c.o
                0x10000e40                rom_data_lookup
 .text.rom_funcs_lookup
                0x10000e50       0x44 CMakeFiles/blink_bare.dir/home/minilay/Workspace/pico/pico-sdk/src/rp2_common/pico_bootrom/bootrom.c.o
                0x10000e50                rom_funcs_lookup
 .text.xosc_init
                0x10000e94       0x28 CMakeFiles/blink_bare.dir/home/minilay/Workspace/pico/pico-sdk/src/rp2_common/hardware_xosc/xosc.c.o
                0x10000e94                xosc_init
 .text.first_per_core_initializer
                0x10000ebc        0x4 CMakeFiles/blink_bare.dir/home/minilay/Workspace/pico/pico-sdk/src/rp2_common/pico_runtime/runtime.c.o
 .text.runtime_run_initializers
                0x10000ec0       0x28 CMakeFiles/blink_bare.dir/home/minilay/Workspace/pico/pico-sdk/src/rp2_common/pico_runtime/runtime.c.o
                0x10000ec0                runtime_run_initializers
 .text.runtime_init_early_resets
                0x10000ee8       0x2c CMakeFiles/blink_bare.dir/home/minilay/Workspace/pico/pico-sdk/src/rp2_common/pico_runtime_init/runtime_init.c.o
                0x10000ee8                runtime_init_early_resets
 .text.runtime_init_usb_power_down
                0x10000f14       0x1c CMakeFiles/blink_bare.dir/home/minilay/Workspace/pico/pico-sdk/src/rp2_common/pico_runtime_init/runtime_init.c.o
                0x10000f14                runtime_init_usb_power_down
 .text.runtime_init_post_clock_resets
                0x10000f30       0x20 CMakeFiles/blink_bare.dir/home/minilay/Workspace/pico/pico-sdk/src/rp2_common/pico_runtime_init/runtime_init.c.o
                0x10000f30                runtime_init_post_clock_resets
 .text.runtime_init_rp2040_gpio_ie_disable
                0x10000f50       0x14 CMakeFiles/blink_bare.dir/home/minilay/Workspace/pico/pico-sdk/src/rp2_common/pico_runtime_init/runtime_init.c.o
                0x10000f50                runtime_init_rp2040_gpio_ie_disable
 .text.runtime_init_spin_locks_reset
                0x10000f64        0x8 CMakeFiles/blink_bare.dir/home/minilay/Workspace/pico/pico-sdk/src/rp2_common/pico_runtime_init/runtime_init.c.o
                0x10000f64                runtime_init_spin_locks_reset
 .text.runtime_init_install_ram_vector_table
                0x10000f6c       0x48 CMakeFiles/blink_bare.dir/home/minilay/Workspace/pico/pico-sdk/src/rp2_common/pico_runtime_init/runtime_init.c.o
                0x10000f6c                runtime_init_install_ram_vector_table
 .text.runtime_init_clocks
                0x10000fb4       0xd8 CMakeFiles/blink_bare.dir/home/minilay/Workspace/pico/pico-sdk/src/rp2_common/pico_runtime_init/runtime_init_clocks.c.o
                0x10000fb4                runtime_init_clocks
 .text          0x1000108c       0x10 CMakeFiles/blink_bare.dir/home/minilay/Workspace/pico/pico-sdk/src/rp2_common/pico_bit_ops/bit_ops_aeabi.S.o
 .text.__wrap___aeabi_idiv
                0x1000109c       0x50 CMakeFiles/blink_bare.dir/home/minilay/Workspace/pico/pico-sdk/src/rp2_common/pico_divider/divider_hardware.S.o
                0x1000109c                __wrap___aeabi_idivmod
                0x1000109c                divmod_s32s32
                0x1000109c                div_s32s32
                0x1000109c                __wrap___aeabi_idiv
                0x100010a4                divmod_s32s32_unsafe
                0x100010d0                divmod_s32s32_savestate
 .text.__wrap___aeabi_uidiv
                0x100010ec       0x4c CMakeFiles/blink_bare.dir/home/minilay/Workspace/pico/pico-sdk/src/rp2_common/pico_divider/divider_hardware.S.o
                0x100010ec                __wrap___aeabi_uidiv
                0x100010ec                __wrap___aeabi_uidivmod
                0x100010ec                div_u32u32
                0x100010ec                divmod_u32u32
                0x100010f4                divmod_u32u32_unsafe
                0x1000111c                divmod_u32u32_savestate
 .text.__wrap___aeabi_ldiv
                0x10001138      0x424 CMakeFiles/blink_bare.dir/home/minilay/Workspace/pico/pico-sdk/src/rp2_common/pico_divider/divider_hardware.S.o
                0x10001138                div_s64s64
                0x10001138                divmod_s64s64
                0x10001138                __wrap___aeabi_ldivmod
                0x10001168                div_u64u64
                0x10001168                divmod_u64u64
                0x10001168                __wrap___aeabi_uldivmod
                0x10001178                divmod_u64u64_savestate
                0x10001198                divmod_s64s64_unsafe
                0x10001220                divmod_u64u64_unsafe
 .text.__wrap___aeabi_darithmetic
                0x1000155c       0x80 CMakeFiles/blink_bare.dir/home/minilay/Workspace/pico/pico-sdk/src/rp2_common/pico_double/double_aeabi_rp2040.S.o
                0x1000155c                __wrap___aeabi_drsub
                0x10001562                __wrap___aeabi_dsub
                0x10001574                __wrap___aeabi_dadd
                0x10001586                __wrap___aeabi_ddiv
                0x100015c2                __wrap___aeabi_dmul
 .text.__wrap___aeabi_cdcmple
                0x100015dc       0x6c CMakeFiles/blink_bare.dir/home/minilay/Workspace/pico/pico-sdk/src/rp2_common/pico_double/double_aeabi_rp2040.S.o
                0x100015dc                __wrap___aeabi_cdrcmple
                0x100015ec                __wrap___aeabi_cdcmple
                0x100015ec                __wrap___aeabi_cdcmpeq
 .text.__wrap___aeabi_dcmplt
                0x10001648        0xc CMakeFiles/blink_bare.dir/home/minilay/Workspace/pico/pico-sdk/src/rp2_common/pico_double/double_aeabi_rp2040.S.o
                0x10001648                __wrap___aeabi_dcmplt
 .text.__wrap___aeabi_dcmple
                0x10001654       0x10 CMakeFiles/blink_bare.dir/home/minilay/Workspace/pico/pico-sdk/src/rp2_common/pico_double/double_aeabi_rp2040.S.o
                0x10001654                __wrap___aeabi_dcmple
 .text.__wrap___aeabi_dcmpge
                0x10001664       0x10 CMakeFiles/blink_bare.dir/home/minilay/Workspace/pico/pico-sdk/src/rp2_common/pico_double/double_aeabi_rp2040.S.o
                0x10001664                __wrap___aeabi_dcmpge
 .text.__wrap___aeabi_dcmpgt
                0x10001674        0xa CMakeFiles/blink_bare.dir/home/minilay/Workspace/pico/pico-sdk/src/rp2_common/pico_double/double_aeabi_rp2040.S.o
                0x10001674                __wrap___aeabi_dcmpgt
 .text.__wrap___aeabi_dcmpun
                0x1000167e       0x18 CMakeFiles/blink_bare.dir/home/minilay/Workspace/pico/pico-sdk/src/rp2_common/pico_double/double_aeabi_rp2040.S.o
                0x1000167e                __wrap___aeabi_dcmpun
 *fill*         0x10001696        0x2 
 .text.__wrap___aeabi_i2d
                0x10001698       0x38 CMakeFiles/blink_bare.dir/home/minilay/Workspace/pico/pico-sdk/src/rp2_common/pico_double/double_aeabi_rp2040.S.o
                0x10001698                __wrap___aeabi_ui2d
                0x10001698                uint2double
                0x100016a0                __wrap___aeabi_i2d
                0x100016a0                int2double
 .text.__wrap___aeabi_d2iz
                0x100016d0       0x48 CMakeFiles/blink_bare.dir/home/minilay/Workspace/pico/pico-sdk/src/rp2_common/pico_double/double_aeabi_rp2040.S.o
                0x100016d0                __wrap___aeabi_d2iz
                0x100016d0                double2int_z
 .text.__wrap___aeabi_d2uiz
                0x10001718       0x18 CMakeFiles/blink_bare.dir/home/minilay/Workspace/pico/pico-sdk/src/rp2_common/pico_double/double_aeabi_rp2040.S.o
                0x10001718                double2uint_z
                0x10001718                double2uint
                0x10001718                __wrap___aeabi_d2uiz
 .text.__aeabi_double_init
                0x10001730       0xcc CMakeFiles/blink_bare.dir/home/minilay/Workspace/pico/pico-sdk/src/rp2_common/pico_double/double_init_rom_rp2040.c.o
                0x10001730                __aeabi_double_init
 .text.double_table_shim_on_use_helper
                0x100017fc       0x34 CMakeFiles/blink_bare.dir/home/minilay/Workspace/pico/pico-sdk/src/rp2_common/pico_double/double_v1_rom_shim_rp2040.S.o
                0x100017fc                double_table_shim_on_use_helper
 .text.__wrap___aeabi_dsub
                0x10001830       0x10 CMakeFiles/blink_bare.dir/home/minilay/Workspace/pico/pico-sdk/src/rp2_common/pico_double/double_v1_rom_shim_rp2040.S.o
                0x10001830                drsub_shim
                0x10001836                dsub_shim
 .text.dadd_shim
                0x10001840      0x15c CMakeFiles/blink_bare.dir/home/minilay/Workspace/pico/pico-sdk/src/rp2_common/pico_double/double_v1_rom_shim_rp2040.S.o
                0x10001840                dadd_shim
 .text.dmul_shim
                0x1000199c      0x15c CMakeFiles/blink_bare.dir/home/minilay/Workspace/pico/pico-sdk/src/rp2_common/pico_double/double_v1_rom_shim_rp2040.S.o
                0x1000199c                dmul_shim
 .text.ddiv_shim
                0x10001af8      0x1b0 CMakeFiles/blink_bare.dir/home/minilay/Workspace/pico/pico-sdk/src/rp2_common/pico_double/double_v1_rom_shim_rp2040.S.o
                0x10001af8                ddiv_shim
 .text.double2uint_shim
                0x10001ca8        0xe CMakeFiles/blink_bare.dir/home/minilay/Workspace/pico/pico-sdk/src/rp2_common/pico_double/double_v1_rom_shim_rp2040.S.o
                0x10001ca8                double2uint_shim
                0x10001caa                double2ufix_shim
 *fill*         0x10001cb6        0x2 
 .text.double2uint64_shim
                0x10001cb8       0x70 CMakeFiles/blink_bare.dir/home/minilay/Workspace/pico/pico-sdk/src/rp2_common/pico_double/double_v1_rom_shim_rp2040.S.o
                0x10001cb8                double2uint64_shim
                0x10001cba                double2ufix64_shim
                0x10001cda                d2fix_a
 .text.dunpacks
                0x10001d28       0x3c CMakeFiles/blink_bare.dir/home/minilay/Workspace/pico/pico-sdk/src/rp2_common/pico_double/double_v1_rom_shim_rp2040.S.o
                0x10001d28                dunpacks
 .text.__aeabi_float_init
                0x10001d64       0xf4 CMakeFiles/blink_bare.dir/home/minilay/Workspace/pico/pico-sdk/src/rp2_common/pico_float/float_init_rom_rp2040.c.o
                0x10001d64                __aeabi_float_init
 .text.float_table_shim_on_use_helper
                0x10001e58       0x34 CMakeFiles/blink_bare.dir/home/minilay/Workspace/pico/pico-sdk/src/rp2_common/pico_float/float_v1_rom_shim_rp2040.S.o
                0x10001e58                float_table_shim_on_use_helper
 .text          0x10001e8c       0x10 CMakeFiles/blink_bare.dir/home/minilay/Workspace/pico/pico-sdk/src/rp2_common/pico_mem_ops/mem_ops_aeabi.S.o
                0x10001e8c                __aeabi_mem_init
 .text.memcpy   0x10001e9c        0xc CMakeFiles/blink_bare.dir/home/minilay/Workspace/pico/pico-sdk/src/rp2_common/pico_mem_ops/mem_ops_aeabi.S.o
                0x10001e9c                __wrap___aeabi_memcpy
                0x10001e9c                __wrap_memcpy
 .text._out_null
                0x10001ea8        0x4 CMakeFiles/blink_bare.dir/home/minilay/Workspace/pico/pico-sdk/src/rp2_common/pico_printf/printf.c.o
 .text._out_rev
                0x10001eac       0xac CMakeFiles/blink_bare.dir/home/minilay/Workspace/pico/pico-sdk/src/rp2_common/pico_printf/printf.c.o
 .text._ntoa_format
                0x10001f58      0x1e0 CMakeFiles/blink_bare.dir/home/minilay/Workspace/pico/pico-sdk/src/rp2_common/pico_printf/printf.c.o
 .text._ntoa_long
                0x10002138       0xa4 CMakeFiles/blink_bare.dir/home/minilay/Workspace/pico/pico-sdk/src/rp2_common/pico_printf/printf.c.o
 .text._ntoa_long_long
                0x100021dc       0xd0 CMakeFiles/blink_bare.dir/home/minilay/Workspace/pico/pico-sdk/src/rp2_common/pico_printf/printf.c.o
 .text._etoa    0x100022ac      0x52c CMakeFiles/blink_bare.dir/home/minilay/Workspace/pico/pico-sdk/src/rp2_common/pico_printf/printf.c.o
 .text._ftoa    0x100027d8      0x39c CMakeFiles/blink_bare.dir/home/minilay/Workspace/pico/pico-sdk/src/rp2_common/pico_printf/printf.c.o
 .text._out_fct
                0x10002b74       0x10 CMakeFiles/blink_bare.dir/home/minilay/Workspace/pico/pico-sdk/src/rp2_common/pico_printf/printf.c.o
 .text._vsnprintf
                0x10002b84      0x6e4 CMakeFiles/blink_bare.dir/home/minilay/Workspace/pico/pico-sdk/src/rp2_common/pico_printf/printf.c.o
 .text.vfctprintf
                0x10003268       0x20 CMakeFiles/blink_bare.dir/home/minilay/Workspace/pico/pico-sdk/src/rp2_common/pico_printf/printf.c.o
                0x10003268                vfctprintf
 .text._exit    0x10003288        0x4 CMakeFiles/blink_bare.dir/home/minilay/Workspace/pico/pico-sdk/src/rp2_common/pico_clib_interface/newlib_interface.c.o
                0x10003288                _exit
 .text.exit     0x1000328c        0x8 CMakeFiles/blink_bare.dir/home/minilay/Workspace/pico/pico-sdk/src/rp2_common/pico_clib_interface/newlib_interface.c.o
                0x1000328c                exit
 .text.__assert_func
                0x10003294       0x38 CMakeFiles/blink_bare.dir/home/minilay/Workspace/pico/pico-sdk/src/rp2_common/pico_clib_interface/newlib_interface.c.o
                0x10003294                __assert_func
 .text.runtime_init
                0x100032cc       0x38 CMakeFiles/blink_bare.dir/home/minilay/Workspace/pico/pico-sdk/src/rp2_common/pico_clib_interface/newlib_interface.c.o
                0x100032cc                runtime_init
 .text.stdio_out_chars_no_crlf
                0x10003304       0x10 CMakeFiles/blink_bare.dir/home/minilay/Workspace/pico/pico-sdk/src/rp2_common/pico_stdio/stdio.c.o
 .text.stdio_out_chars_crlf
                0x10003314       0xb8 CMakeFiles/blink_bare.dir/home/minilay/Workspace/pico/pico-sdk/src/rp2_common/pico_stdio/stdio.c.o
 .text.stdio_buffered_printer
                0x100033cc       0x64 CMakeFiles/blink_bare.dir/home/minilay/Workspace/pico/pico-sdk/src/rp2_common/pico_stdio/stdio.c.o
 .text.stdio_put_string
                0x10003430       0xd0 CMakeFiles/blink_bare.dir/home/minilay/Workspace/pico/pico-sdk/src/rp2_common/pico_stdio/stdio.c.o
                0x10003430                stdio_put_string
 .text.__wrap_puts
                0x10003500       0x34 CMakeFiles/blink_bare.dir/home/minilay/Workspace/pico/pico-sdk/src/rp2_common/pico_stdio/stdio.c.o
                0x10003500                __wrap_puts
                0x10003500                stdio_puts
 .text.__wrap_vprintf
                0x10003534       0xc4 CMakeFiles/blink_bare.dir/home/minilay/Workspace/pico/pico-sdk/src/rp2_common/pico_stdio/stdio.c.o
                0x10003534                __wrap_vprintf
                0x10003534                stdio_vprintf
 .text.__wrap_printf
                0x100035f8       0x18 CMakeFiles/blink_bare.dir/home/minilay/Workspace/pico/pico-sdk/src/rp2_common/pico_stdio/stdio.c.o
                0x100035f8                stdio_printf
                0x100035f8                __wrap_printf
 .text.atexit   0x10003610       0x10 /usr/lib/gcc/arm-none-eabi/15.2.0/../../../../arm-none-eabi/lib/thumb/v6-m/nofp/libg.a(libc_a-atexit.o)
                0x10003610                atexit
 .text.__libc_fini_array
                0x10003620       0x28 /usr/lib/gcc/arm-none-eabi/15.2.0/../../../../arm-none-eabi/lib/thumb/v6-m/nofp/libg.a(libc_a-fini.o)
                0x10003620                __libc_fini_array
 .text.__retarget_lock_acquire_recursive
                0x10003648        0x4 /usr/lib/gcc/arm-none-eabi/15.2.0/../../../../arm-none-eabi/lib/thumb/v6-m/nofp/libg.a(libc_a-lock.o)
                0x10003648                __retarget_lock_acquire_recursive
 .text.__retarget_lock_release_recursive
                0x1000364c        0x4 /usr/lib/gcc/arm-none-eabi/15.2.0/../../../../arm-none-eabi/lib/thumb/v6-m/nofp/libg.a(libc_a-lock.o)
                0x1000364c                __retarget_lock_release_recursive
 .text.strlen   0x10003650       0x60 /usr/lib/gcc/arm-none-eabi/15.2.0/../../../../arm-none-eabi/lib/thumb/v6-m/nofp/libg.a(libc_a-strlen-stub.o)
                0x10003650                strlen
 .text.__register_exitproc
                0x100036b0       0x94 /usr/lib/gcc/arm-none-eabi/15.2.0/../../../../arm-none-eabi/lib/thumb/v6-m/nofp/libg.a(libc_a-__atexit.o)
                0x100036b0                __register_exitproc
 .text.startup.register_fini
                0x10003744       0x18 /usr/lib/gcc/arm-none-eabi/15.2.0/../../../../arm-none-eabi/lib/thumb/v6-m/nofp/libg.a(libc_a-__call_atexit.o)
 *(.fini)
 .fini          0x1000375c        0x4 /usr/lib/gcc/arm-none-eabi/15.2.0/thumb/v6-m/nofp/crti.o
                0x1000375c                _fini
 .fini.__stub   0x10003760       0x40 linker stubs
 *crtbegin.o(.ctors)
 *crtbegin?.o(.ctors)
 *(EXCLUDE_FILE(*crtend.o *crtend?.o) .ctors)
 *(SORT_BY_NAME(.ctors.*))
 *(.ctors)
 *crtbegin.o(.dtors)
 *crtbegin?.o(.dtors)
 *(EXCLUDE_FILE(*crtend.o *crtend?.o) .dtors)
 *(SORT_BY_NAME(.dtors.*))
 *(.dtors)
                0x100037a0                        . = ALIGN (0x4)
                0x100037a0                        PROVIDE (__preinit_array_start = .)
 *(SORT_BY_NAME(.preinit_array.*))
 .preinit_array.00100
                0x100037a0        0x4 CMakeFiles/blink_bare.dir/home/minilay/Workspace/pico/pico-sdk/src/rp2_common/pico_runtime_init/runtime_init.c.o
                0x100037a0                __pre_init_runtime_init_early_resets
 .preinit_array.00101
                0x100037a4        0x4 CMakeFiles/blink_bare.dir/home/minilay/Workspace/pico/pico-sdk/src/rp2_common/pico_runtime_init/runtime_init.c.o
                0x100037a4                __pre_init_runtime_init_usb_power_down
 .preinit_array.00275
                0x100037a8        0x4 CMakeFiles/blink_bare.dir/home/minilay/Workspace/pico/pico-sdk/src/rp2_common/pico_bit_ops/bit_ops_aeabi.S.o
 .preinit_array.00300
                0x100037ac        0x4 CMakeFiles/blink_bare.dir/home/minilay/Workspace/pico/pico-sdk/src/rp2_common/pico_mem_ops/mem_ops_aeabi.S.o
 .preinit_array.00350
                0x100037b0        0x4 CMakeFiles/blink_bare.dir/home/minilay/Workspace/pico/pico-sdk/src/rp2_common/pico_double/double_aeabi_rp2040.S.o
 .preinit_array.00350
                0x100037b4        0x4 CMakeFiles/blink_bare.dir/home/minilay/Workspace/pico/pico-sdk/src/rp2_common/pico_float/float_aeabi_rp2040.S.o
 .preinit_array.00500
                0x100037b8        0x4 CMakeFiles/blink_bare.dir/home/minilay/Workspace/pico/pico-sdk/src/rp2_common/pico_runtime_init/runtime_init.c.o
                0x100037b8                __pre_init_runtime_init_clocks
 .preinit_array.00600
                0x100037bc        0x4 CMakeFiles/blink_bare.dir/home/minilay/Workspace/pico/pico-sdk/src/rp2_common/pico_runtime_init/runtime_init.c.o
                0x100037bc                __pre_init_runtime_init_post_clock_resets
 .preinit_array.00700
                0x100037c0        0x4 CMakeFiles/blink_bare.dir/home/minilay/Workspace/pico/pico-sdk/src/rp2_common/pico_runtime_init/runtime_init.c.o
                0x100037c0                __pre_init_runtime_init_rp2040_gpio_ie_disable
 .preinit_array.01000
                0x100037c4        0x4 CMakeFiles/blink_bare.dir/home/minilay/Workspace/pico/pico-sdk/src/rp2_common/pico_runtime_init/runtime_init.c.o
                0x100037c4                __pre_init_runtime_init_spin_locks_reset
 .preinit_array.01100
                0x100037c8        0x4 CMakeFiles/blink_bare.dir/home/minilay/Workspace/pico/pico-sdk/src/common/pico_sync/mutex.c.o
                0x100037c8                __pre_init_runtime_init_mutex
 .preinit_array.10080
                0x100037cc        0x4 CMakeFiles/blink_bare.dir/home/minilay/Workspace/pico/pico-sdk/src/rp2_common/pico_runtime_init/runtime_init.c.o
                0x100037cc                __pre_init_runtime_init_install_ram_vector_table
 .preinit_array.11000
                0x100037d0        0x4 CMakeFiles/blink_bare.dir/home/minilay/Workspace/pico/pico-sdk/src/common/pico_time/time.c.o
                0x100037d0                __pre_init_runtime_init_default_alarm_pool
 .preinit_array.YYYYY
                0x100037d4        0x4 CMakeFiles/blink_bare.dir/home/minilay/Workspace/pico/pico-sdk/src/rp2_common/pico_runtime/runtime.c.o
                0x100037d4                __pre_init_first_per_core_initializer
 .preinit_array.ZZZZZ.01200
                0x100037d8        0x4 CMakeFiles/blink_bare.dir/home/minilay/Workspace/pico/pico-sdk/src/rp2_common/hardware_irq/irq.c.o
                0x100037d8                __pre_init_runtime_init_per_core_irq_priorities
 *(.preinit_array)
                0x100037dc                        PROVIDE (__preinit_array_end = .)
                0x100037dc                        . = ALIGN (0x4)
                0x100037dc                        PROVIDE (__init_array_start = .)
 *(SORT_BY_NAME(.init_array.*))
 .init_array.00000
                0x100037dc        0x4 /usr/lib/gcc/arm-none-eabi/15.2.0/../../../../arm-none-eabi/lib/thumb/v6-m/nofp/libg.a(libc_a-__call_atexit.o)
 *(.init_array)
 .init_array    0x100037e0        0x4 /usr/lib/gcc/arm-none-eabi/15.2.0/thumb/v6-m/nofp/crtbegin.o
                0x100037e4                        PROVIDE (__init_array_end = .)
                0x100037e4                        . = ALIGN (0x4)
                0x100037e4                        PROVIDE (__fini_array_start = .)
 *(SORT_BY_NAME(.fini_array.*))
 *(.fini_array)
                0x100037e4                        PROVIDE (__fini_array_end = .)
 *(.eh_frame*)
 .eh_frame      0x100037e4        0x0 /usr/lib/gcc/arm-none-eabi/15.2.0/thumb/v6-m/nofp/crtbegin.o
                0x100037e4                        . = ALIGN (0x4)

.glue_7         0x100037e4        0x0
 .glue_7        0x100037e4        0x0 linker stubs

.glue_7t        0x100037e4        0x0
 .glue_7t       0x100037e4        0x0 linker stubs

.vfp11_veneer   0x100037e4        0x0
 .vfp11_veneer  0x100037e4        0x0 linker stubs

.v4_bx          0x100037e4        0x0
 .v4_bx         0x100037e4        0x0 linker stubs

.iplt           0x100037e4        0x0
 .iplt          0x100037e4        0x0 /usr/lib/gcc/arm-none-eabi/15.2.0/thumb/v6-m/nofp/crtbegin.o

.rodata         0x100037e8      0x7dc
 *(EXCLUDE_FILE(*libm.a: *libc.a:*lib_a-mem*.o *libgcc.a:) .rodata*)
 .rodata.panic.str1.4
                0x100037e8      0x4df CMakeFiles/blink_bare.dir/home/minilay/Workspace/pico/pico-sdk/src/rp2_common/pico_platform_panic/panic.c.o
                                 0x12 (size before relaxing)
 .rodata.resolve_j_16.part.0.str1.4
                0x10003cc7        0x0 CMakeFiles/blink_bare.dir/home/minilay/Workspace/pico/pico-sdk/src/rp2_common/hardware_irq/irq.c.o
                                 0x60 (size before relaxing)
 .rodata.irq_set_exclusive_handler.str1.4
                0x10003cc7        0x0 CMakeFiles/blink_bare.dir/home/minilay/Workspace/pico/pico-sdk/src/rp2_common/hardware_irq/irq.c.o
                                 0x36 (size before relaxing)
 *fill*         0x10003cc7        0x1 
 .rodata.__func__.6
                0x10003cc8       0x1a CMakeFiles/blink_bare.dir/home/minilay/Workspace/pico/pico-sdk/src/rp2_common/hardware_irq/irq.c.o
 .rodata.runtime_init_mutex.str1.4
                0x10003ce2        0x0 CMakeFiles/blink_bare.dir/home/minilay/Workspace/pico/pico-sdk/src/common/pico_sync/mutex.c.o
                                 0x63 (size before relaxing)
 .rodata.str1.4
                0x10003ce2        0x0 CMakeFiles/blink_bare.dir/home/minilay/Workspace/pico/pico-sdk/src/common/pico_sync/mutex.c.o
                                 0x51 (size before relaxing)
 *fill*         0x10003ce2        0x2 
 .rodata.__func__.1
                0x10003ce4        0xb CMakeFiles/blink_bare.dir/home/minilay/Workspace/pico/pico-sdk/src/common/pico_sync/mutex.c.o
 *fill*         0x10003cef        0x1 
 .rodata.__func__.3
                0x10003cf0       0x18 CMakeFiles/blink_bare.dir/home/minilay/Workspace/pico/pico-sdk/src/common/pico_sync/mutex.c.o
 .rodata.__func__.6
                0x10003d08       0x13 CMakeFiles/blink_bare.dir/home/minilay/Workspace/pico/pico-sdk/src/common/pico_sync/mutex.c.o
 .rodata.alarm_pool_get_default.part.0.str1.4
                0x10003d1b        0x0 CMakeFiles/blink_bare.dir/home/minilay/Workspace/pico/pico-sdk/src/common/pico_time/time.c.o
                                 0x66 (size before relaxing)
 .rodata.alarm_pool_irq_handler.str1.4
                0x10003d1b        0x0 CMakeFiles/blink_bare.dir/home/minilay/Workspace/pico/pico-sdk/src/common/pico_time/time.c.o
                                 0x29 (size before relaxing)
 *fill*         0x10003d1b        0x1 
 .rodata.__func__.1
                0x10003d1c       0x17 CMakeFiles/blink_bare.dir/home/minilay/Workspace/pico/pico-sdk/src/common/pico_time/time.c.o
 *fill*         0x10003d33        0x1 
 .rodata.__func__.2
                0x10003d34       0x17 CMakeFiles/blink_bare.dir/home/minilay/Workspace/pico/pico-sdk/src/common/pico_time/time.c.o
 .rodata.timer_hardware_alarm_claim.str1.4
                0x10003d4b        0x0 CMakeFiles/blink_bare.dir/home/minilay/Workspace/pico/pico-sdk/src/rp2_common/hardware_timer/timer.c.o
                                 0x22 (size before relaxing)
 .rodata.pll_init.str1.4
                0x10003d4b        0x0 CMakeFiles/blink_bare.dir/home/minilay/Workspace/pico/pico-sdk/src/rp2_common/hardware_pll/pll.c.o
                                 0xfd (size before relaxing)
 *fill*         0x10003d4b        0x1 
 .rodata.__func__.0
                0x10003d4c        0x9 CMakeFiles/blink_bare.dir/home/minilay/Workspace/pico/pico-sdk/src/rp2_common/hardware_pll/pll.c.o
 .rodata.__aeabi_double_init.str1.4
                0x10003d55        0x0 CMakeFiles/blink_bare.dir/home/minilay/Workspace/pico/pico-sdk/src/rp2_common/pico_double/double_init_rom_rp2040.c.o
                                 0x9e (size before relaxing)
 *fill*         0x10003d55        0x3 
 .rodata.__func__.0
                0x10003d58       0x14 CMakeFiles/blink_bare.dir/home/minilay/Workspace/pico/pico-sdk/src/rp2_common/pico_double/double_init_rom_rp2040.c.o
 .rodata.__aeabi_float_init.str1.4
                0x10003d6c        0x0 CMakeFiles/blink_bare.dir/home/minilay/Workspace/pico/pico-sdk/src/rp2_common/pico_float/float_init_rom_rp2040.c.o
                                 0x90 (size before relaxing)
 .rodata.__func__.0
                0x10003d6c       0x13 CMakeFiles/blink_bare.dir/home/minilay/Workspace/pico/pico-sdk/src/rp2_common/pico_float/float_init_rom_rp2040.c.o
 .rodata.str1.4
                0x10003d7f        0x0 CMakeFiles/blink_bare.dir/home/minilay/Workspace/pico/pico-sdk/src/rp2_common/pico_standard_binary_info/standard_binary_info.c.o
                                 0x40 (size before relaxing)
 *fill*         0x10003d7f        0x1 
 .rodata.__bi_84
                0x10003d80        0xc CMakeFiles/blink_bare.dir/home/minilay/Workspace/pico/pico-sdk/src/rp2_common/pico_standard_binary_info/standard_binary_info.c.o
 .rodata.__bi_78
                0x10003d8c        0xc CMakeFiles/blink_bare.dir/home/minilay/Workspace/pico/pico-sdk/src/rp2_common/pico_standard_binary_info/standard_binary_info.c.o
 .rodata.__bi_54
                0x10003d98        0xc CMakeFiles/blink_bare.dir/home/minilay/Workspace/pico/pico-sdk/src/rp2_common/pico_standard_binary_info/standard_binary_info.c.o
 .rodata.__bi_48
                0x10003da4        0xc CMakeFiles/blink_bare.dir/home/minilay/Workspace/pico/pico-sdk/src/rp2_common/pico_standard_binary_info/standard_binary_info.c.o
 .rodata.__bi_42
                0x10003db0        0xc CMakeFiles/blink_bare.dir/home/minilay/Workspace/pico/pico-sdk/src/rp2_common/pico_standard_binary_info/standard_binary_info.c.o
 .rodata.__bi_34
                0x10003dbc        0xc CMakeFiles/blink_bare.dir/home/minilay/Workspace/pico/pico-sdk/src/rp2_common/pico_standard_binary_info/standard_binary_info.c.o
 .rodata.__bi_26
                0x10003dc8        0xc CMakeFiles/blink_bare.dir/home/minilay/Workspace/pico/pico-sdk/src/rp2_common/pico_standard_binary_info/standard_binary_info.c.o
 .rodata._ftoa.str1.4
                0x10003dd4        0x0 CMakeFiles/blink_bare.dir/home/minilay/Workspace/pico/pico-sdk/src/rp2_common/pico_printf/printf.c.o
                                 0x15 (size before relaxing)
 .rodata._vsnprintf
                0x10003dd4      0x19c CMakeFiles/blink_bare.dir/home/minilay/Workspace/pico/pico-sdk/src/rp2_common/pico_printf/printf.c.o
 .rodata.pow10.0
                0x10003f70       0x50 CMakeFiles/blink_bare.dir/home/minilay/Workspace/pico/pico-sdk/src/rp2_common/pico_printf/printf.c.o
 .rodata.__assert_func.str1.4
                0x10003fc0        0x0 CMakeFiles/blink_bare.dir/home/minilay/Workspace/pico/pico-sdk/src/rp2_common/pico_clib_interface/newlib_interface.c.o
                                 0x43 (size before relaxing)
 .rodata.crlf_str.0
                0x10003fc0        0x2 CMakeFiles/blink_bare.dir/home/minilay/Workspace/pico/pico-sdk/src/rp2_common/pico_stdio/stdio.c.o
                0x10003fc4                        . = ALIGN (0x4)
 *fill*         0x10003fc2        0x2 
 *(SORT_BY_ALIGNMENT(SORT_BY_NAME(.flashdata*)))
                0x10003fc4                        . = ALIGN (0x4)

.ARM.extab
 *(.ARM.extab* .gnu.linkonce.armextab.*)
                0x10003fc4                        __exidx_start = .

.ARM.exidx
 *(.ARM.exidx* .gnu.linkonce.armexidx.*)
                0x10003fc4                        __exidx_end = .
                0x10003fc4                        . = ALIGN (0x4)
                0x10003fc4                        __binary_info_start = .

.binary_info    0x10003fc4       0x1c
 *(.binary_info.keep.*)
 .binary_info.keep.__bi_ptr84
                0x10003fc4        0x4 CMakeFiles/blink_bare.dir/home/minilay/Workspace/pico/pico-sdk/src/rp2_common/pico_standard_binary_info/standard_binary_info.c.o
 .binary_info.keep.__bi_ptr78
                0x10003fc8        0x4 CMakeFiles/blink_bare.dir/home/minilay/Workspace/pico/pico-sdk/src/rp2_common/pico_standard_binary_info/standard_binary_info.c.o
 .binary_info.keep.__bi_ptr54
                0x10003fcc        0x4 CMakeFiles/blink_bare.dir/home/minilay/Workspace/pico/pico-sdk/src/rp2_common/pico_standard_binary_info/standard_binary_info.c.o
 .binary_info.keep.__bi_ptr48
                0x10003fd0        0x4 CMakeFiles/blink_bare.dir/home/minilay/Workspace/pico/pico-sdk/src/rp2_common/pico_standard_binary_info/standard_binary_info.c.o
 .binary_info.keep.__bi_ptr42
                0x10003fd4        0x4 CMakeFiles/blink_bare.dir/home/minilay/Workspace/pico/pico-sdk/src/rp2_common/pico_standard_binary_info/standard_binary_info.c.o
 .binary_info.keep.__bi_ptr34
                0x10003fd8        0x4 CMakeFiles/blink_bare.dir/home/minilay/Workspace/pico/pico-sdk/src/rp2_common/pico_standard_binary_info/standard_binary_info.c.o
 .binary_info.keep.__bi_ptr26
                0x10003fdc        0x4 CMakeFiles/blink_bare.dir/home/minilay/Workspace/pico/pico-sdk/src/rp2_common/pico_standard_binary_info/standard_binary_info.c.o
 *(.binary_info.*)
                0x10003fe0                        __binary_info_end = .
                0x10003fe0                        . = ALIGN (0x4)

.ram_vector_table
                0x20000000       0xc0
 *(.ram_vector_table)
 .ram_vector_table
                0x20000000       0xc0 CMakeFiles/blink_bare.dir/home/minilay/Workspace/pico/pico-sdk/src/rp2_common/pico_runtime_init/runtime_init.c.o
                0x20000000                ram_vector_table

.uninitialized_data
                0x200000c0        0x0
                0x200000c0                        . = ALIGN (0x4)
 *(.uninitialized_data*)

.data           0x200000c0      0x1ac load address 0x10003fe0
                0x200000c0                        __data_start__ = .
 *(vtable)
 *(.time_critical*)
 .time_critical.mutex_enter_block_until
                0x200000c0       0x84 CMakeFiles/blink_bare.dir/home/minilay/Workspace/pico/pico-sdk/src/common/pico_sync/mutex.c.o
                0x200000c0                mutex_enter_block_until
 .time_critical.mutex_try_enter_block_until
                0x20000144       0x64 CMakeFiles/blink_bare.dir/home/minilay/Workspace/pico/pico-sdk/src/common/pico_sync/mutex.c.o
                0x20000144                mutex_try_enter_block_until
 .time_critical.mutex_exit
                0x200001a8       0x48 CMakeFiles/blink_bare.dir/home/minilay/Workspace/pico/pico-sdk/src/common/pico_sync/mutex.c.o
                0x200001a8                mutex_exit
 *(.text*)
 .text          0x200001f0        0x4 /usr/lib/gcc/arm-none-eabi/15.2.0/thumb/v6-m/nofp/libgcc.a(_dvmd_tls.o)
                0x200001f0                __aeabi_ldiv0
                0x200001f0                __aeabi_idiv0
 *fill*         0x200001f4        0x4 
 .text.__stub   0x200001f8       0x20 linker stubs
                0x20000218                        . = ALIGN (0x4)
 *(.rodata*)
                0x20000218                        . = ALIGN (0x4)
 *(.data*)
 .data.striped_spin_lock_num
                0x20000218        0x1 CMakeFiles/blink_bare.dir/home/minilay/Workspace/pico/pico-sdk/src/rp2_common/hardware_sync/sync.c.o
 *fill*         0x20000219        0x3 
 .data.default_alarm_pool
                0x2000021c       0x18 CMakeFiles/blink_bare.dir/home/minilay/Workspace/pico/pico-sdk/src/common/pico_time/time.c.o
 *fill*         0x20000234        0xc 
 .data.aeabi_bits_funcs
                0x20000240       0x10 CMakeFiles/blink_bare.dir/home/minilay/Workspace/pico/pico-sdk/src/rp2_common/pico_bit_ops/bit_ops_aeabi.S.o
                0x20000240                aeabi_bits_funcs
                0x20000250                aeabi_bits_funcs_end
 .data.aeabi_mem_funcs
                0x20000250       0x10 CMakeFiles/blink_bare.dir/home/minilay/Workspace/pico/pico-sdk/src/rp2_common/pico_mem_ops/mem_ops_aeabi.S.o
                0x20000250                aeabi_mem_funcs
                0x20000260                aeabi_mem_funcs_end
 .data.__atexit_recursive_mutex
                0x20000260        0x4 /usr/lib/gcc/arm-none-eabi/15.2.0/../../../../arm-none-eabi/lib/thumb/v6-m/nofp/libg.a(libc_a-__call_atexit.o)
                0x20000260                __atexit_recursive_mutex
                0x20000264                        . = ALIGN (0x4)
 *(.after_data.*)
                0x20000264                        . = ALIGN (0x4)
                0x20000264                        PROVIDE (__mutex_array_start = .)
 *(SORT_BY_NAME(.mutex_array.*))
 *(.mutex_array)
 .mutex_array   0x20000264        0x8 CMakeFiles/blink_bare.dir/home/minilay/Workspace/pico/pico-sdk/src/rp2_common/pico_stdio/stdio.c.o
                0x2000026c                        PROVIDE (__mutex_array_end = .)
                0x2000026c                        . = ALIGN (0x4)
 *(.jcr)
                0x2000026c                        . = ALIGN (0x4)

.tm_clone_table
                0x2000026c        0x0 load address 0x1000418c
 .tm_clone_table
                0x2000026c        0x0 /usr/lib/gcc/arm-none-eabi/15.2.0/thumb/v6-m/nofp/crtbegin.o
 .tm_clone_table
                0x2000026c        0x0 /usr/lib/gcc/arm-none-eabi/15.2.0/thumb/v6-m/nofp/crtend.o

.igot.plt       0x2000026c        0x0 load address 0x1000418c
 .igot.plt      0x2000026c        0x0 /usr/lib/gcc/arm-none-eabi/15.2.0/thumb/v6-m/nofp/crtbegin.o

.tdata          0x2000026c        0x0 load address 0x1000418c
                0x2000026c                        . = ALIGN (0x4)
 *(.tdata .tdata.* .gnu.linkonce.td.*)
                0x2000026c                        __tdata_end = .
                0x2000026c                        PROVIDE (__data_end__ = .)
                0x10003fe0                        __etext = LOADADDR (.data)

.tbss           0x2000026c        0x0 load address 0x1000418c
                0x2000026c                        . = ALIGN (0x4)
                0x2000026c                        __bss_start__ = .
                0x2000026c                        __tls_base = .
 *(.tbss .tbss.* .gnu.linkonce.tb.*)
 *(.tcommon)
                0x2000026c                        __tls_end = .

.bss            0x20000270      0x580 load address 0x1000418c
                0x20000270                        . = ALIGN (0x4)
                0x20000270                        __tbss_end = .
 *(SORT_BY_ALIGNMENT(SORT_BY_NAME(.bss*)))
 .bss.default_alarm_pool_entries
                0x20000270      0x180 CMakeFiles/blink_bare.dir/home/minilay/Workspace/pico/pico-sdk/src/common/pico_time/time.c.o
 .bss.sd_table  0x200003f0      0x100 CMakeFiles/blink_bare.dir/home/minilay/Workspace/pico/pico-sdk/src/rp2_common/pico_double/double_init_rom_rp2040.c.o
                0x200003f0                sd_table
 .bss           0x200004f0       0x1c /usr/lib/gcc/arm-none-eabi/15.2.0/thumb/v6-m/nofp/crtbegin.o
 .bss.__atexit  0x2000050c        0x4 /usr/lib/gcc/arm-none-eabi/15.2.0/../../../../arm-none-eabi/lib/thumb/v6-m/nofp/libg.a(libc_a-__call_atexit.o)
                0x2000050c                __atexit
 .bss.__atexit0
                0x20000510      0x190 /usr/lib/gcc/arm-none-eabi/15.2.0/../../../../arm-none-eabi/lib/thumb/v6-m/nofp/libg.a(libc_a-__atexit.o)
                0x20000510                __atexit0
 .bss.__lock___atexit_recursive_mutex
                0x200006a0        0x1 /usr/lib/gcc/arm-none-eabi/15.2.0/../../../../arm-none-eabi/lib/thumb/v6-m/nofp/libg.a(libc_a-lock.o)
                0x200006a0                __lock___atexit_recursive_mutex
 *fill*         0x200006a1        0x3 
 .bss.claimed   0x200006a4        0x1 CMakeFiles/blink_bare.dir/home/minilay/Workspace/pico/pico-sdk/src/rp2_common/hardware_timer/timer.c.o
 *fill*         0x200006a5        0x3 
 .bss.configured_freq
                0x200006a8       0x28 CMakeFiles/blink_bare.dir/home/minilay/Workspace/pico/pico-sdk/src/rp2_common/hardware_clocks/clocks.c.o
 .bss.drivers   0x200006d0        0x4 CMakeFiles/blink_bare.dir/home/minilay/Workspace/pico/pico-sdk/src/rp2_common/pico_stdio/stdio.c.o
 .bss.filter    0x200006d4        0x4 CMakeFiles/blink_bare.dir/home/minilay/Workspace/pico/pico-sdk/src/rp2_common/pico_stdio/stdio.c.o
 .bss.pools     0x200006d8       0x10 CMakeFiles/blink_bare.dir/home/minilay/Workspace/pico/pico-sdk/src/common/pico_time/time.c.o
 .bss.sf_clz_func
                0x200006e8        0x4 CMakeFiles/blink_bare.dir/home/minilay/Workspace/pico/pico-sdk/src/rp2_common/pico_double/double_init_rom_rp2040.c.o
                0x200006e8                sf_clz_func
 .bss.sf_table  0x200006ec      0x100 CMakeFiles/blink_bare.dir/home/minilay/Workspace/pico/pico-sdk/src/rp2_common/pico_float/float_init_rom_rp2040.c.o
                0x200006ec                sf_table
 .bss.sleep_notifier
                0x200007ec        0x4 CMakeFiles/blink_bare.dir/home/minilay/Workspace/pico/pico-sdk/src/common/pico_time/time.c.o
 *(COMMON)
                0x200007f0                        . = ALIGN (0x4)
                0x200007f0                        __bss_end__ = .

.heap           0x200007f0      0x800 load address 0x1000418c
                0x200007f0                        __end__ = .
                0x200007f0                        end = __end__
 *(.heap*)
 .heap          0x200007f0      0x800 CMakeFiles/blink_bare.dir/home/minilay/Workspace/pico/pico-sdk/src/rp2_common/pico_crt0/crt0.S.o
                0x20040000                        __HeapLimit = (ORIGIN (RAM) + LENGTH (RAM))

.scratch_x      0x20040000        0x0 load address 0x1000418c
                0x20040000                        __scratch_x_start__ = .
 *(.scratch_x.*)
                0x20040000                        . = ALIGN (0x4)
                0x20040000                        __scratch_x_end__ = .
                0x1000418c                        __scratch_x_source__ = LOADADDR (.scratch_x)

.scratch_y      0x20041000        0x0 load address 0x1000418c
                0x20041000                        __scratch_y_start__ = .
 *(.scratch_y.*)
                0x20041000                        . = ALIGN (0x4)
                0x20041000                        __scratch_y_end__ = .
                0x1000418c                        __scratch_y_source__ = LOADADDR (.scratch_y)

.stack1_dummy
 *(.stack1*)

.stack_dummy    0x20041000      0x800
 *(.stack*)
 .stack         0x20041000      0x800 CMakeFiles/blink_bare.dir/home/minilay/Workspace/pico/pico-sdk/src/rp2_common/pico_crt0/crt0.S.o

.rel.dyn        0x20041800        0x0
 .rel.iplt      0x20041800        0x0 /usr/lib/gcc/arm-none-eabi/15.2.0/thumb/v6-m/nofp/crtbegin.o

.flash_end      0x1000418c        0x0
 *(.embedded_end_block*)
                0x1000418c                        PROVIDE (__flash_binary_end = .)
                0x20040000                        __StackLimit = (ORIGIN (RAM) + LENGTH (RAM))
                0x20041000                        __StackOneTop = (ORIGIN (SCRATCH_X) + LENGTH (SCRATCH_X))
                0x20042000                        __StackTop = (ORIGIN (SCRATCH_Y) + LENGTH (SCRATCH_Y))
                0x20041000                        __StackOneBottom = (__StackOneTop - SIZEOF (.stack1_dummy))
                0x20041800                        __StackBottom = (__StackTop - SIZEOF (.stack_dummy))
                0x20042000                        PROVIDE (__stack = __StackTop)
                [!provide]                        PROVIDE (__heap_start = __end__)
                [!provide]                        PROVIDE (__heap_end = __HeapLimit)
                [!provide]                        PROVIDE (__tls_align = MAX (ALIGNOF (.tdata), ALIGNOF (.tbss)))
                [!provide]                        PROVIDE (__tls_size_align = (((__tls_size + __tls_align) - 0x1) & ~ ((__tls_align - 0x1))))
                [!provide]                        PROVIDE (__arm32_tls_tcb_offset = MAX (0x8, __tls_align))
                [!provide]                        PROVIDE (_end = __end__)
                [!provide]                        PROVIDE (__llvm_libc_heap_limit = __HeapLimit)
                0x00000001                        ASSERT ((__StackLimit >= __HeapLimit), region RAM overflowed)
                0x00000001                        ASSERT (((__binary_info_header_end - __logical_binary_start) <= 0x100), Binary info must be in first 256 bytes of the binary)
LOAD CMakeFiles/blink_bare.dir/main.c.o
LOAD CMakeFiles/blink_bare.dir/home/minilay/Workspace/pico/pico-sdk/src/rp2_common/pico_stdlib/stdlib.c.o
LOAD CMakeFiles/blink_bare.dir/home/minilay/Workspace/pico/pico-sdk/src/rp2_common/hardware_gpio/gpio.c.o
LOAD CMakeFiles/blink_bare.dir/home/minilay/Workspace/pico/pico-sdk/src/rp2040/pico_platform/platform.c.o
LOAD CMakeFiles/blink_bare.dir/home/minilay/Workspace/pico/pico-sdk/src/rp2_common/pico_platform_common/common.c.o
LOAD CMakeFiles/blink_bare.dir/home/minilay/Workspace/pico/pico-sdk/src/rp2_common/pico_platform_panic/panic.c.o
LOAD CMakeFiles/blink_bare.dir/home/minilay/Workspace/pico/pico-sdk/src/common/hardware_claim/claim.c.o
LOAD CMakeFiles/blink_bare.dir/home/minilay/Workspace/pico/pico-sdk/src/rp2_common/hardware_sync/sync.c.o
LOAD CMakeFiles/blink_bare.dir/home/minilay/Workspace/pico/pico-sdk/src/rp2_common/hardware_sync_spin_lock/sync_spin_lock.c.o
LOAD CMakeFiles/blink_bare.dir/home/minilay/Workspace/pico/pico-sdk/src/rp2_common/hardware_irq/irq.c.o
LOAD CMakeFiles/blink_bare.dir/home/minilay/Workspace/pico/pico-sdk/src/rp2_common/hardware_irq/irq_handler_chain.S.o
LOAD CMakeFiles/blink_bare.dir/home/minilay/Workspace/pico/pico-sdk/src/common/pico_sync/sem.c.o
LOAD CMakeFiles/blink_bare.dir/home/minilay/Workspace/pico/pico-sdk/src/common/pico_sync/lock_core.c.o
LOAD CMakeFiles/blink_bare.dir/home/minilay/Workspace/pico/pico-sdk/src/common/pico_sync/mutex.c.o
LOAD CMakeFiles/blink_bare.dir/home/minilay/Workspace/pico/pico-sdk/src/common/pico_sync/critical_section.c.o
LOAD CMakeFiles/blink_bare.dir/home/minilay/Workspace/pico/pico-sdk/src/common/pico_time/time.c.o
LOAD CMakeFiles/blink_bare.dir/home/minilay/Workspace/pico/pico-sdk/src/common/pico_time/timeout_helper.c.o
LOAD CMakeFiles/blink_bare.dir/home/minilay/Workspace/pico/pico-sdk/src/rp2_common/hardware_timer/timer.c.o
LOAD CMakeFiles/blink_bare.dir/home/minilay/Workspace/pico/pico-sdk/src/common/pico_util/datetime.c.o
LOAD CMakeFiles/blink_bare.dir/home/minilay/Workspace/pico/pico-sdk/src/common/pico_util/pheap.c.o
LOAD CMakeFiles/blink_bare.dir/home/minilay/Workspace/pico/pico-sdk/src/common/pico_util/queue.c.o
LOAD CMakeFiles/blink_bare.dir/home/minilay/Workspace/pico/pico-sdk/src/rp2_common/hardware_uart/uart.c.o
LOAD CMakeFiles/blink_bare.dir/home/minilay/Workspace/pico/pico-sdk/src/rp2_common/hardware_clocks/clocks.c.o
LOAD CMakeFiles/blink_bare.dir/home/minilay/Workspace/pico/pico-sdk/src/rp2_common/hardware_pll/pll.c.o
LOAD CMakeFiles/blink_bare.dir/home/minilay/Workspace/pico/pico-sdk/src/rp2_common/hardware_vreg/vreg.c.o
LOAD CMakeFiles/blink_bare.dir/home/minilay/Workspace/pico/pico-sdk/src/rp2_common/hardware_watchdog/watchdog.c.o
LOAD CMakeFiles/blink_bare.dir/home/minilay/Workspace/pico/pico-sdk/src/rp2_common/hardware_ticks/ticks.c.o
LOAD CMakeFiles/blink_bare.dir/home/minilay/Workspace/pico/pico-sdk/src/rp2_common/pico_bootrom/bootrom.c.o
LOAD CMakeFiles/blink_bare.dir/home/minilay/Workspace/pico/pico-sdk/src/rp2_common/pico_bootrom/bootrom_lock.c.o
LOAD CMakeFiles/blink_bare.dir/home/minilay/Workspace/pico/pico-sdk/src/rp2_common/hardware_boot_lock/boot_lock.c.o
LOAD CMakeFiles/blink_bare.dir/home/minilay/Workspace/pico/pico-sdk/src/rp2_common/pico_flash/flash.c.o
LOAD CMakeFiles/blink_bare.dir/home/minilay/Workspace/pico/pico-sdk/src/rp2_common/hardware_xosc/xosc.c.o
LOAD CMakeFiles/blink_bare.dir/home/minilay/Workspace/pico/pico-sdk/src/rp2_common/hardware_divider/divider.S.o
LOAD CMakeFiles/blink_bare.dir/home/minilay/Workspace/pico/pico-sdk/src/rp2_common/pico_runtime/runtime.c.o
LOAD CMakeFiles/blink_bare.dir/home/minilay/Workspace/pico/pico-sdk/src/rp2_common/pico_runtime_init/runtime_init.c.o
LOAD CMakeFiles/blink_bare.dir/home/minilay/Workspace/pico/pico-sdk/src/rp2_common/pico_runtime_init/runtime_init_clocks.c.o
LOAD CMakeFiles/blink_bare.dir/home/minilay/Workspace/pico/pico-sdk/src/rp2_common/pico_runtime_init/runtime_init_stack_guard.c.o
LOAD CMakeFiles/blink_bare.dir/home/minilay/Workspace/pico/pico-sdk/src/rp2_common/pico_bit_ops/bit_ops_aeabi.S.o
LOAD CMakeFiles/blink_bare.dir/home/minilay/Workspace/pico/pico-sdk/src/rp2_common/pico_divider/divider_hardware.S.o
LOAD CMakeFiles/blink_bare.dir/home/minilay/Workspace/pico/pico-sdk/src/rp2_common/pico_double/double_aeabi_rp2040.S.o
LOAD CMakeFiles/blink_bare.dir/home/minilay/Workspace/pico/pico-sdk/src/rp2_common/pico_double/double_init_rom_rp2040.c.o
LOAD CMakeFiles/blink_bare.dir/home/minilay/Workspace/pico/pico-sdk/src/rp2_common/pico_double/double_math.c.o
LOAD CMakeFiles/blink_bare.dir/home/minilay/Workspace/pico/pico-sdk/src/rp2_common/pico_double/double_v1_rom_shim_rp2040.S.o
LOAD CMakeFiles/blink_bare.dir/home/minilay/Workspace/pico/pico-sdk/src/rp2_common/pico_int64_ops/pico_int64_ops_aeabi.S.o
LOAD CMakeFiles/blink_bare.dir/home/minilay/Workspace/pico/pico-sdk/src/rp2_common/pico_float/float_aeabi_rp2040.S.o
LOAD CMakeFiles/blink_bare.dir/home/minilay/Workspace/pico/pico-sdk/src/rp2_common/pico_float/float_init_rom_rp2040.c.o
LOAD CMakeFiles/blink_bare.dir/home/minilay/Workspace/pico/pico-sdk/src/rp2_common/pico_float/float_math.c.o
LOAD CMakeFiles/blink_bare.dir/home/minilay/Workspace/pico/pico-sdk/src/rp2_common/pico_float/float_v1_rom_shim_rp2040.S.o
LOAD CMakeFiles/blink_bare.dir/home/minilay/Workspace/pico/pico-sdk/src/rp2_common/pico_malloc/malloc.c.o
LOAD CMakeFiles/blink_bare.dir/home/minilay/Workspace/pico/pico-sdk/src/rp2_common/pico_mem_ops/mem_ops_aeabi.S.o
LOAD CMakeFiles/blink_bare.dir/home/minilay/Workspace/pico/pico-sdk/src/rp2_common/pico_atomic/atomic.c.o
LOAD CMakeFiles/blink_bare.dir/home/minilay/Workspace/pico/pico-sdk/src/rp2_common/pico_cxx_options/new_delete.cpp.o
LOAD CMakeFiles/blink_bare.dir/home/minilay/Workspace/pico/pico-sdk/src/rp2_common/pico_standard_binary_info/standard_binary_info.c.o
LOAD CMakeFiles/blink_bare.dir/home/minilay/Workspace/pico/pico-sdk/src/rp2_common/pico_printf/printf.c.o
LOAD CMakeFiles/blink_bare.dir/home/minilay/Workspace/pico/pico-sdk/src/rp2_common/pico_crt0/crt0.S.o
LOAD CMakeFiles/blink_bare.dir/home/minilay/Workspace/pico/pico-sdk/src/rp2_common/pico_clib_interface/newlib_interface.c.o
LOAD CMakeFiles/blink_bare.dir/home/minilay/Workspace/pico/pico-sdk/src/rp2_common/pico_stdio/stdio.c.o
LOAD CMakeFiles/blink_bare.dir/home/minilay/Workspace/pico/pico-sdk/src/rp2_common/pico_stdio_uart/stdio_uart.c.o
LOAD pico-sdk/src/rp2040/boot_stage2/CMakeFiles/bs2_default_library.dir/bs2_default_padded_checksummed.S.o
LOAD /usr/lib/gcc/arm-none-eabi/15.2.0/../../../../arm-none-eabi/lib/thumb/v6-m/nofp/libstdc++.a
LOAD /usr/lib/gcc/arm-none-eabi/15.2.0/../../../../arm-none-eabi/lib/thumb/v6-m/nofp/libm.a
START GROUP
LOAD /usr/lib/gcc/arm-none-eabi/15.2.0/thumb/v6-m/nofp/libgcc.a
LOAD /usr/lib/gcc/arm-none-eabi/15.2.0/../../../../arm-none-eabi/lib/thumb/v6-m/nofp/libg.a
LOAD /usr/lib/gcc/arm-none-eabi/15.2.0/../../../../arm-none-eabi/lib/thumb/v6-m/nofp/libc.a
END GROUP
START GROUP
LOAD /usr/lib/gcc/arm-none-eabi/15.2.0/thumb/v6-m/nofp/libgcc.a
LOAD /usr/lib/gcc/arm-none-eabi/15.2.0/../../../../arm-none-eabi/lib/thumb/v6-m/nofp/libc.a
LOAD /usr/lib/gcc/arm-none-eabi/15.2.0/../../../../arm-none-eabi/lib/thumb/v6-m/nofp/libnosys.a
END GROUP
LOAD /usr/lib/gcc/arm-none-eabi/15.2.0/thumb/v6-m/nofp/crtend.o
LOAD /usr/lib/gcc/arm-none-eabi/15.2.0/thumb/v6-m/nofp/crtn.o
OUTPUT(blink_bare.elf elf32-littlearm)
LOAD linker stubs

.ARM.attributes
                0x00000000       0x28
 .ARM.attributes
                0x00000000       0x1e /usr/lib/gcc/arm-none-eabi/15.2.0/thumb/v6-m/nofp/crti.o
 .ARM.attributes
                0x0000001e       0x2c /usr/lib/gcc/arm-none-eabi/15.2.0/thumb/v6-m/nofp/crtbegin.o
 .ARM.attributes
                0x0000004a       0x2c CMakeFiles/blink_bare.dir/main.c.o
 .ARM.attributes
                0x00000076       0x2c CMakeFiles/blink_bare.dir/home/minilay/Workspace/pico/pico-sdk/src/rp2_common/pico_platform_panic/panic.c.o
 .ARM.attributes
                0x000000a2       0x2c CMakeFiles/blink_bare.dir/home/minilay/Workspace/pico/pico-sdk/src/common/hardware_claim/claim.c.o
 .ARM.attributes
                0x000000ce       0x2c CMakeFiles/blink_bare.dir/home/minilay/Workspace/pico/pico-sdk/src/rp2_common/hardware_sync/sync.c.o
 .ARM.attributes
                0x000000fa       0x2c CMakeFiles/blink_bare.dir/home/minilay/Workspace/pico/pico-sdk/src/rp2_common/hardware_sync_spin_lock/sync_spin_lock.c.o
 .ARM.attributes
                0x00000126       0x2c CMakeFiles/blink_bare.dir/home/minilay/Workspace/pico/pico-sdk/src/rp2_common/hardware_irq/irq.c.o
 .ARM.attributes
                0x00000152       0x2c CMakeFiles/blink_bare.dir/home/minilay/Workspace/pico/pico-sdk/src/common/pico_sync/lock_core.c.o
 .ARM.attributes
                0x0000017e       0x2c CMakeFiles/blink_bare.dir/home/minilay/Workspace/pico/pico-sdk/src/common/pico_sync/mutex.c.o
 .ARM.attributes
                0x000001aa       0x2c CMakeFiles/blink_bare.dir/home/minilay/Workspace/pico/pico-sdk/src/common/pico_time/time.c.o
 .ARM.attributes
                0x000001d6       0x2c CMakeFiles/blink_bare.dir/home/minilay/Workspace/pico/pico-sdk/src/rp2_common/hardware_timer/timer.c.o
 .ARM.attributes
                0x00000202       0x2c CMakeFiles/blink_bare.dir/home/minilay/Workspace/pico/pico-sdk/src/rp2_common/hardware_clocks/clocks.c.o
 .ARM.attributes
                0x0000022e       0x2c CMakeFiles/blink_bare.dir/home/minilay/Workspace/pico/pico-sdk/src/rp2_common/hardware_pll/pll.c.o
 .ARM.attributes
                0x0000025a       0x2c CMakeFiles/blink_bare.dir/home/minilay/Workspace/pico/pico-sdk/src/rp2_common/hardware_ticks/ticks.c.o
 .ARM.attributes
                0x00000286       0x2c CMakeFiles/blink_bare.dir/home/minilay/Workspace/pico/pico-sdk/src/rp2_common/pico_bootrom/bootrom.c.o
 .ARM.attributes
                0x000002b2       0x2c CMakeFiles/blink_bare.dir/home/minilay/Workspace/pico/pico-sdk/src/rp2_common/hardware_xosc/xosc.c.o
 .ARM.attributes
                0x000002de       0x2c CMakeFiles/blink_bare.dir/home/minilay/Workspace/pico/pico-sdk/src/rp2_common/pico_runtime/runtime.c.o
 .ARM.attributes
                0x0000030a       0x2c CMakeFiles/blink_bare.dir/home/minilay/Workspace/pico/pico-sdk/src/rp2_common/pico_runtime_init/runtime_init.c.o
 .ARM.attributes
                0x00000336       0x2c CMakeFiles/blink_bare.dir/home/minilay/Workspace/pico/pico-sdk/src/rp2_common/pico_runtime_init/runtime_init_clocks.c.o
 .ARM.attributes
                0x00000362       0x22 CMakeFiles/blink_bare.dir/home/minilay/Workspace/pico/pico-sdk/src/rp2_common/pico_bit_ops/bit_ops_aeabi.S.o
 .ARM.attributes
                0x00000384       0x22 CMakeFiles/blink_bare.dir/home/minilay/Workspace/pico/pico-sdk/src/rp2_common/pico_divider/divider_hardware.S.o
 .ARM.attributes
                0x000003a6       0x22 CMakeFiles/blink_bare.dir/home/minilay/Workspace/pico/pico-sdk/src/rp2_common/pico_double/double_aeabi_rp2040.S.o
 .ARM.attributes
                0x000003c8       0x2c CMakeFiles/blink_bare.dir/home/minilay/Workspace/pico/pico-sdk/src/rp2_common/pico_double/double_init_rom_rp2040.c.o
 .ARM.attributes
                0x000003f4       0x22 CMakeFiles/blink_bare.dir/home/minilay/Workspace/pico/pico-sdk/src/rp2_common/pico_double/double_v1_rom_shim_rp2040.S.o
 .ARM.attributes
                0x00000416       0x22 CMakeFiles/blink_bare.dir/home/minilay/Workspace/pico/pico-sdk/src/rp2_common/pico_float/float_aeabi_rp2040.S.o
 .ARM.attributes
                0x00000438       0x2c CMakeFiles/blink_bare.dir/home/minilay/Workspace/pico/pico-sdk/src/rp2_common/pico_float/float_init_rom_rp2040.c.o
 .ARM.attributes
                0x00000464       0x22 CMakeFiles/blink_bare.dir/home/minilay/Workspace/pico/pico-sdk/src/rp2_common/pico_float/float_v1_rom_shim_rp2040.S.o
 .ARM.attributes
                0x00000486       0x22 CMakeFiles/blink_bare.dir/home/minilay/Workspace/pico/pico-sdk/src/rp2_common/pico_mem_ops/mem_ops_aeabi.S.o
 .ARM.attributes
                0x000004a8       0x2c CMakeFiles/blink_bare.dir/home/minilay/Workspace/pico/pico-sdk/src/rp2_common/pico_standard_binary_info/standard_binary_info.c.o
 .ARM.attributes
                0x000004d4       0x2c CMakeFiles/blink_bare.dir/home/minilay/Workspace/pico/pico-sdk/src/rp2_common/pico_printf/printf.c.o
 .ARM.attributes
                0x00000500       0x22 CMakeFiles/blink_bare.dir/home/minilay/Workspace/pico/pico-sdk/src/rp2_common/pico_crt0/crt0.S.o
 .ARM.attributes
                0x00000522       0x2c CMakeFiles/blink_bare.dir/home/minilay/Workspace/pico/pico-sdk/src/rp2_common/pico_clib_interface/newlib_interface.c.o
 .ARM.attributes
                0x0000054e       0x2c CMakeFiles/blink_bare.dir/home/minilay/Workspace/pico/pico-sdk/src/rp2_common/pico_stdio/stdio.c.o
 .ARM.attributes
                0x0000057a       0x22 pico-sdk/src/rp2040/boot_stage2/CMakeFiles/bs2_default_library.dir/bs2_default_padded_checksummed.S.o
 .ARM.attributes
                0x0000059c       0x1e /usr/lib/gcc/arm-none-eabi/15.2.0/thumb/v6-m/nofp/libgcc.a(_dvmd_tls.o)
 .ARM.attributes
                0x000005ba       0x2c /usr/lib/gcc/arm-none-eabi/15.2.0/../../../../arm-none-eabi/lib/thumb/v6-m/nofp/libg.a(libc_a-atexit.o)
 .ARM.attributes
                0x000005e6       0x2c /usr/lib/gcc/arm-none-eabi/15.2.0/../../../../arm-none-eabi/lib/thumb/v6-m/nofp/libg.a(libc_a-fini.o)
 .ARM.attributes
                0x00000612       0x2c /usr/lib/gcc/arm-none-eabi/15.2.0/../../../../arm-none-eabi/lib/thumb/v6-m/nofp/libg.a(libc_a-lock.o)
 .ARM.attributes
                0x0000063e       0x2c /usr/lib/gcc/arm-none-eabi/15.2.0/../../../../arm-none-eabi/lib/thumb/v6-m/nofp/libg.a(libc_a-strlen-stub.o)
 .ARM.attributes
                0x0000066a       0x2c /usr/lib/gcc/arm-none-eabi/15.2.0/../../../../arm-none-eabi/lib/thumb/v6-m/nofp/libg.a(libc_a-__atexit.o)
 .ARM.attributes
                0x00000696       0x2c /usr/lib/gcc/arm-none-eabi/15.2.0/../../../../arm-none-eabi/lib/thumb/v6-m/nofp/libg.a(libc_a-__call_atexit.o)
 .ARM.attributes
                0x000006c2       0x2c /usr/lib/gcc/arm-none-eabi/15.2.0/thumb/v6-m/nofp/crtend.o

.comment        0x00000000       0x46
 .comment       0x00000000       0x46 /usr/lib/gcc/arm-none-eabi/15.2.0/thumb/v6-m/nofp/crtbegin.o
                                 0x24 (size before relaxing)
 .comment       0x00000046        0x0 CMakeFiles/blink_bare.dir/main.c.o
                                 0x24 (size before relaxing)
 .comment       0x00000046        0x0 CMakeFiles/blink_bare.dir/home/minilay/Workspace/pico/pico-sdk/src/rp2_common/pico_platform_panic/panic.c.o
                                 0x24 (size before relaxing)
 .comment       0x00000046        0x0 CMakeFiles/blink_bare.dir/home/minilay/Workspace/pico/pico-sdk/src/common/hardware_claim/claim.c.o
                                 0x24 (size before relaxing)
 .comment       0x00000046        0x0 CMakeFiles/blink_bare.dir/home/minilay/Workspace/pico/pico-sdk/src/rp2_common/hardware_sync/sync.c.o
                                 0x24 (size before relaxing)
 .comment       0x00000046        0x0 CMakeFiles/blink_bare.dir/home/minilay/Workspace/pico/pico-sdk/src/rp2_common/hardware_sync_spin_lock/sync_spin_lock.c.o
                                 0x24 (size before relaxing)
 .comment       0x00000046        0x0 CMakeFiles/blink_bare.dir/home/minilay/Workspace/pico/pico-sdk/src/rp2_common/hardware_irq/irq.c.o
                                 0x24 (size before relaxing)
 .comment       0x00000046        0x0 CMakeFiles/blink_bare.dir/home/minilay/Workspace/pico/pico-sdk/src/common/pico_sync/lock_core.c.o
                                 0x24 (size before relaxing)
 .comment       0x00000046        0x0 CMakeFiles/blink_bare.dir/home/minilay/Workspace/pico/pico-sdk/src/common/pico_sync/mutex.c.o
                                 0x24 (size before relaxing)
 .comment       0x00000046        0x0 CMakeFiles/blink_bare.dir/home/minilay/Workspace/pico/pico-sdk/src/common/pico_time/time.c.o
                                 0x24 (size before relaxing)
 .comment       0x00000046        0x0 CMakeFiles/blink_bare.dir/home/minilay/Workspace/pico/pico-sdk/src/rp2_common/hardware_timer/timer.c.o
                                 0x24 (size before relaxing)
 .comment       0x00000046        0x0 CMakeFiles/blink_bare.dir/home/minilay/Workspace/pico/pico-sdk/src/rp2_common/hardware_clocks/clocks.c.o
                                 0x24 (size before relaxing)
 .comment       0x00000046        0x0 CMakeFiles/blink_bare.dir/home/minilay/Workspace/pico/pico-sdk/src/rp2_common/hardware_pll/pll.c.o
                                 0x24 (size before relaxing)
 .comment       0x00000046        0x0 CMakeFiles/blink_bare.dir/home/minilay/Workspace/pico/pico-sdk/src/rp2_common/hardware_ticks/ticks.c.o
                                 0x24 (size before relaxing)
 .comment       0x00000046        0x0 CMakeFiles/blink_bare.dir/home/minilay/Workspace/pico/pico-sdk/src/rp2_common/pico_bootrom/bootrom.c.o
                                 0x24 (size before relaxing)
 .comment       0x00000046        0x0 CMakeFiles/blink_bare.dir/home/minilay/Workspace/pico/pico-sdk/src/rp2_common/hardware_xosc/xosc.c.o
                                 0x24 (size before relaxing)
 .comment       0x00000046        0x0 CMakeFiles/blink_bare.dir/home/minilay/Workspace/pico/pico-sdk/src/rp2_common/pico_runtime/runtime.c.o
                                 0x24 (size before relaxing)
 .comment       0x00000046        0x0 CMakeFiles/blink_bare.dir/home/minilay/Workspace/pico/pico-sdk/src/rp2_common/pico_runtime_init/runtime_init.c.o
                                 0x24 (size before relaxing)
 .comment       0x00000046        0x0 CMakeFiles/blink_bare.dir/home/minilay/Workspace/pico/pico-sdk/src/rp2_common/pico_runtime_init/runtime_init_clocks.c.o
                                 0x24 (size before relaxing)
 .comment       0x00000046        0x0 CMakeFiles/blink_bare.dir/home/minilay/Workspace/pico/pico-sdk/src/rp2_common/pico_double/double_init_rom_rp2040.c.o
                                 0x24 (size before relaxing)
 .comment       0x00000046        0x0 CMakeFiles/blink_bare.dir/home/minilay/Workspace/pico/pico-sdk/src/rp2_common/pico_float/float_init_rom_rp2040.c.o
                                 0x24 (size before relaxing)
 .comment       0x00000046        0x0 CMakeFiles/blink_bare.dir/home/minilay/Workspace/pico/pico-sdk/src/rp2_common/pico_standard_binary_info/standard_binary_info.c.o
                                 0x24 (size before relaxing)
 .comment       0x00000046        0x0 CMakeFiles/blink_bare.dir/home/minilay/Workspace/pico/pico-sdk/src/rp2_common/pico_printf/printf.c.o
                                 0x24 (size before relaxing)
 .comment       0x00000046        0x0 CMakeFiles/blink_bare.dir/home/minilay/Workspace/pico/pico-sdk/src/rp2_common/pico_clib_interface/newlib_interface.c.o
                                 0x24 (size before relaxing)
 .comment       0x00000046        0x0 CMakeFiles/blink_bare.dir/home/minilay/Workspace/pico/pico-sdk/src/rp2_common/pico_stdio/stdio.c.o
                                 0x24 (size before relaxing)
 .comment       0x00000046        0x0 /usr/lib/gcc/arm-none-eabi/15.2.0/../../../../arm-none-eabi/lib/thumb/v6-m/nofp/libg.a(libc_a-atexit.o)
                                 0x24 (size before relaxing)
 .comment       0x00000046        0x0 /usr/lib/gcc/arm-none-eabi/15.2.0/../../../../arm-none-eabi/lib/thumb/v6-m/nofp/libg.a(libc_a-fini.o)
                                 0x24 (size before relaxing)
 .comment       0x00000046        0x0 /usr/lib/gcc/arm-none-eabi/15.2.0/../../../../arm-none-eabi/lib/thumb/v6-m/nofp/libg.a(libc_a-lock.o)
                                 0x24 (size before relaxing)
 .comment       0x00000046        0x0 /usr/lib/gcc/arm-none-eabi/15.2.0/../../../../arm-none-eabi/lib/thumb/v6-m/nofp/libg.a(libc_a-strlen-stub.o)
                                 0x24 (size before relaxing)
 .comment       0x00000046        0x0 /usr/lib/gcc/arm-none-eabi/15.2.0/../../../../arm-none-eabi/lib/thumb/v6-m/nofp/libg.a(libc_a-__atexit.o)
                                 0x24 (size before relaxing)
 .comment       0x00000046        0x0 /usr/lib/gcc/arm-none-eabi/15.2.0/../../../../arm-none-eabi/lib/thumb/v6-m/nofp/libg.a(libc_a-__call_atexit.o)
                                 0x24 (size before relaxing)
 .comment       0x00000046        0x0 /usr/lib/gcc/arm-none-eabi/15.2.0/thumb/v6-m/nofp/crtend.o
                                 0x24 (size before relaxing)

.debug_info     0x00000000    0x14df6
 .debug_info    0x00000000      0x10d CMakeFiles/blink_bare.dir/main.c.o
 .debug_info    0x0000010d      0x1b9 CMakeFiles/blink_bare.dir/home/minilay/Workspace/pico/pico-sdk/src/rp2_common/pico_platform_panic/panic.c.o
 .debug_info    0x000002c6      0xa52 CMakeFiles/blink_bare.dir/home/minilay/Workspace/pico/pico-sdk/src/common/hardware_claim/claim.c.o
 .debug_info    0x00000d18      0x4a0 CMakeFiles/blink_bare.dir/home/minilay/Workspace/pico/pico-sdk/src/rp2_common/hardware_sync/sync.c.o
 .debug_info    0x000011b8      0x2e9 CMakeFiles/blink_bare.dir/home/minilay/Workspace/pico/pico-sdk/src/rp2_common/hardware_sync_spin_lock/sync_spin_lock.c.o
 .debug_info    0x000014a1     0x25de CMakeFiles/blink_bare.dir/home/minilay/Workspace/pico/pico-sdk/src/rp2_common/hardware_irq/irq.c.o
 .debug_info    0x00003a7f      0x1b0 CMakeFiles/blink_bare.dir/home/minilay/Workspace/pico/pico-sdk/src/common/pico_sync/lock_core.c.o
 .debug_info    0x00003c2f     0x20ac CMakeFiles/blink_bare.dir/home/minilay/Workspace/pico/pico-sdk/src/common/pico_sync/mutex.c.o
 .debug_info    0x00005cdb     0x39ed CMakeFiles/blink_bare.dir/home/minilay/Workspace/pico/pico-sdk/src/common/pico_time/time.c.o
 .debug_info    0x000096c8     0x266b CMakeFiles/blink_bare.dir/home/minilay/Workspace/pico/pico-sdk/src/rp2_common/hardware_timer/timer.c.o
 .debug_info    0x0000bd33     0x1c94 CMakeFiles/blink_bare.dir/home/minilay/Workspace/pico/pico-sdk/src/rp2_common/hardware_clocks/clocks.c.o
 .debug_info    0x0000d9c7      0x5ea CMakeFiles/blink_bare.dir/home/minilay/Workspace/pico/pico-sdk/src/rp2_common/hardware_pll/pll.c.o
 .debug_info    0x0000dfb1      0x2b3 CMakeFiles/blink_bare.dir/home/minilay/Workspace/pico/pico-sdk/src/rp2_common/hardware_ticks/ticks.c.o
 .debug_info    0x0000e264      0x65f CMakeFiles/blink_bare.dir/home/minilay/Workspace/pico/pico-sdk/src/rp2_common/pico_bootrom/bootrom.c.o
 .debug_info    0x0000e8c3      0x1d5 CMakeFiles/blink_bare.dir/home/minilay/Workspace/pico/pico-sdk/src/rp2_common/hardware_xosc/xosc.c.o
 .debug_info    0x0000ea98      0x20b CMakeFiles/blink_bare.dir/home/minilay/Workspace/pico/pico-sdk/src/rp2_common/pico_runtime/runtime.c.o
 .debug_info    0x0000eca3      0x7ef CMakeFiles/blink_bare.dir/home/minilay/Workspace/pico/pico-sdk/src/rp2_common/pico_runtime_init/runtime_init.c.o
 .debug_info    0x0000f492      0x786 CMakeFiles/blink_bare.dir/home/minilay/Workspace/pico/pico-sdk/src/rp2_common/pico_runtime_init/runtime_init_clocks.c.o
 .debug_info    0x0000fc18       0x23 CMakeFiles/blink_bare.dir/home/minilay/Workspace/pico/pico-sdk/src/rp2_common/pico_bit_ops/bit_ops_aeabi.S.o
 .debug_info    0x0000fc3b       0x23 CMakeFiles/blink_bare.dir/home/minilay/Workspace/pico/pico-sdk/src/rp2_common/pico_divider/divider_hardware.S.o
 .debug_info    0x0000fc5e       0x23 CMakeFiles/blink_bare.dir/home/minilay/Workspace/pico/pico-sdk/src/rp2_common/pico_double/double_aeabi_rp2040.S.o
 .debug_info    0x0000fc81      0x341 CMakeFiles/blink_bare.dir/home/minilay/Workspace/pico/pico-sdk/src/rp2_common/pico_double/double_init_rom_rp2040.c.o
 .debug_info    0x0000ffc2       0x23 CMakeFiles/blink_bare.dir/home/minilay/Workspace/pico/pico-sdk/src/rp2_common/pico_double/double_v1_rom_shim_rp2040.S.o
 .debug_info    0x0000ffe5       0x23 CMakeFiles/blink_bare.dir/home/minilay/Workspace/pico/pico-sdk/src/rp2_common/pico_float/float_aeabi_rp2040.S.o
 .debug_info    0x00010008      0x336 CMakeFiles/blink_bare.dir/home/minilay/Workspace/pico/pico-sdk/src/rp2_common/pico_float/float_init_rom_rp2040.c.o
 .debug_info    0x0001033e       0x23 CMakeFiles/blink_bare.dir/home/minilay/Workspace/pico/pico-sdk/src/rp2_common/pico_float/float_v1_rom_shim_rp2040.S.o
 .debug_info    0x00010361       0x23 CMakeFiles/blink_bare.dir/home/minilay/Workspace/pico/pico-sdk/src/rp2_common/pico_mem_ops/mem_ops_aeabi.S.o
 .debug_info    0x00010384      0x2bd CMakeFiles/blink_bare.dir/home/minilay/Workspace/pico/pico-sdk/src/rp2_common/pico_standard_binary_info/standard_binary_info.c.o
 .debug_info    0x00010641     0x1835 CMakeFiles/blink_bare.dir/home/minilay/Workspace/pico/pico-sdk/src/rp2_common/pico_printf/printf.c.o
 .debug_info    0x00011e76       0x23 CMakeFiles/blink_bare.dir/home/minilay/Workspace/pico/pico-sdk/src/rp2_common/pico_crt0/crt0.S.o
 .debug_info    0x00011e99      0xbf8 CMakeFiles/blink_bare.dir/home/minilay/Workspace/pico/pico-sdk/src/rp2_common/pico_clib_interface/newlib_interface.c.o
 .debug_info    0x00012a91     0x18b7 CMakeFiles/blink_bare.dir/home/minilay/Workspace/pico/pico-sdk/src/rp2_common/pico_stdio/stdio.c.o
 .debug_info    0x00014348       0x3c /usr/lib/gcc/arm-none-eabi/15.2.0/thumb/v6-m/nofp/libgcc.a(_dvmd_tls.o)
 .debug_info    0x00014384      0x123 /usr/lib/gcc/arm-none-eabi/15.2.0/../../../../arm-none-eabi/lib/thumb/v6-m/nofp/libg.a(libc_a-atexit.o)
 .debug_info    0x000144a7       0xfc /usr/lib/gcc/arm-none-eabi/15.2.0/../../../../arm-none-eabi/lib/thumb/v6-m/nofp/libg.a(libc_a-fini.o)
 .debug_info    0x000145a3      0x21d /usr/lib/gcc/arm-none-eabi/15.2.0/../../../../arm-none-eabi/lib/thumb/v6-m/nofp/libg.a(libc_a-lock.o)
 .debug_info    0x000147c0       0xf0 /usr/lib/gcc/arm-none-eabi/15.2.0/../../../../arm-none-eabi/lib/thumb/v6-m/nofp/libg.a(libc_a-strlen-stub.o)
 .debug_info    0x000148b0      0x264 /usr/lib/gcc/arm-none-eabi/15.2.0/../../../../arm-none-eabi/lib/thumb/v6-m/nofp/libg.a(libc_a-__atexit.o)
 .debug_info    0x00014b14      0x2e2 /usr/lib/gcc/arm-none-eabi/15.2.0/../../../../arm-none-eabi/lib/thumb/v6-m/nofp/libg.a(libc_a-__call_atexit.o)

.debug_abbrev   0x00000000     0x4c62
 .debug_abbrev  0x00000000       0xb5 CMakeFiles/blink_bare.dir/main.c.o
 .debug_abbrev  0x000000b5      0x133 CMakeFiles/blink_bare.dir/home/minilay/Workspace/pico/pico-sdk/src/rp2_common/pico_platform_panic/panic.c.o
 .debug_abbrev  0x000001e8      0x350 CMakeFiles/blink_bare.dir/home/minilay/Workspace/pico/pico-sdk/src/common/hardware_claim/claim.c.o
 .debug_abbrev  0x00000538      0x232 CMakeFiles/blink_bare.dir/home/minilay/Workspace/pico/pico-sdk/src/rp2_common/hardware_sync/sync.c.o
 .debug_abbrev  0x0000076a      0x211 CMakeFiles/blink_bare.dir/home/minilay/Workspace/pico/pico-sdk/src/rp2_common/hardware_sync_spin_lock/sync_spin_lock.c.o
 .debug_abbrev  0x0000097b      0x643 CMakeFiles/blink_bare.dir/home/minilay/Workspace/pico/pico-sdk/src/rp2_common/hardware_irq/irq.c.o
 .debug_abbrev  0x00000fbe      0x11a CMakeFiles/blink_bare.dir/home/minilay/Workspace/pico/pico-sdk/src/common/pico_sync/lock_core.c.o
 .debug_abbrev  0x000010d8      0x48f CMakeFiles/blink_bare.dir/home/minilay/Workspace/pico/pico-sdk/src/common/pico_sync/mutex.c.o
 .debug_abbrev  0x00001567      0x6a1 CMakeFiles/blink_bare.dir/home/minilay/Workspace/pico/pico-sdk/src/common/pico_time/time.c.o
 .debug_abbrev  0x00001c08      0x539 CMakeFiles/blink_bare.dir/home/minilay/Workspace/pico/pico-sdk/src/rp2_common/hardware_timer/timer.c.o
 .debug_abbrev  0x00002141      0x53d CMakeFiles/blink_bare.dir/home/minilay/Workspace/pico/pico-sdk/src/rp2_common/hardware_clocks/clocks.c.o
 .debug_abbrev  0x0000267e      0x22a CMakeFiles/blink_bare.dir/home/minilay/Workspace/pico/pico-sdk/src/rp2_common/hardware_pll/pll.c.o
 .debug_abbrev  0x000028a8      0x156 CMakeFiles/blink_bare.dir/home/minilay/Workspace/pico/pico-sdk/src/rp2_common/hardware_ticks/ticks.c.o
 .debug_abbrev  0x000029fe      0x1c2 CMakeFiles/blink_bare.dir/home/minilay/Workspace/pico/pico-sdk/src/rp2_common/pico_bootrom/bootrom.c.o
 .debug_abbrev  0x00002bc0      0x123 CMakeFiles/blink_bare.dir/home/minilay/Workspace/pico/pico-sdk/src/rp2_common/hardware_xosc/xosc.c.o
 .debug_abbrev  0x00002ce3      0x176 CMakeFiles/blink_bare.dir/home/minilay/Workspace/pico/pico-sdk/src/rp2_common/pico_runtime/runtime.c.o
 .debug_abbrev  0x00002e59      0x271 CMakeFiles/blink_bare.dir/home/minilay/Workspace/pico/pico-sdk/src/rp2_common/pico_runtime_init/runtime_init.c.o
 .debug_abbrev  0x000030ca      0x2b5 CMakeFiles/blink_bare.dir/home/minilay/Workspace/pico/pico-sdk/src/rp2_common/pico_runtime_init/runtime_init_clocks.c.o
 .debug_abbrev  0x0000337f       0x12 CMakeFiles/blink_bare.dir/home/minilay/Workspace/pico/pico-sdk/src/rp2_common/pico_bit_ops/bit_ops_aeabi.S.o
 .debug_abbrev  0x00003391       0x12 CMakeFiles/blink_bare.dir/home/minilay/Workspace/pico/pico-sdk/src/rp2_common/pico_divider/divider_hardware.S.o
 .debug_abbrev  0x000033a3       0x12 CMakeFiles/blink_bare.dir/home/minilay/Workspace/pico/pico-sdk/src/rp2_common/pico_double/double_aeabi_rp2040.S.o
 .debug_abbrev  0x000033b5      0x1ac CMakeFiles/blink_bare.dir/home/minilay/Workspace/pico/pico-sdk/src/rp2_common/pico_double/double_init_rom_rp2040.c.o
 .debug_abbrev  0x00003561       0x12 CMakeFiles/blink_bare.dir/home/minilay/Workspace/pico/pico-sdk/src/rp2_common/pico_double/double_v1_rom_shim_rp2040.S.o
 .debug_abbrev  0x00003573       0x12 CMakeFiles/blink_bare.dir/home/minilay/Workspace/pico/pico-sdk/src/rp2_common/pico_float/float_aeabi_rp2040.S.o
 .debug_abbrev  0x00003585      0x1af CMakeFiles/blink_bare.dir/home/minilay/Workspace/pico/pico-sdk/src/rp2_common/pico_float/float_init_rom_rp2040.c.o
 .debug_abbrev  0x00003734       0x12 CMakeFiles/blink_bare.dir/home/minilay/Workspace/pico/pico-sdk/src/rp2_common/pico_float/float_v1_rom_shim_rp2040.S.o
 .debug_abbrev  0x00003746       0x12 CMakeFiles/blink_bare.dir/home/minilay/Workspace/pico/pico-sdk/src/rp2_common/pico_mem_ops/mem_ops_aeabi.S.o
 .debug_abbrev  0x00003758       0xbe CMakeFiles/blink_bare.dir/home/minilay/Workspace/pico/pico-sdk/src/rp2_common/pico_standard_binary_info/standard_binary_info.c.o
 .debug_abbrev  0x00003816      0x3ba CMakeFiles/blink_bare.dir/home/minilay/Workspace/pico/pico-sdk/src/rp2_common/pico_printf/printf.c.o
 .debug_abbrev  0x00003bd0       0x12 CMakeFiles/blink_bare.dir/home/minilay/Workspace/pico/pico-sdk/src/rp2_common/pico_crt0/crt0.S.o
 .debug_abbrev  0x00003be2      0x35f CMakeFiles/blink_bare.dir/home/minilay/Workspace/pico/pico-sdk/src/rp2_common/pico_clib_interface/newlib_interface.c.o
 .debug_abbrev  0x00003f41      0x622 CMakeFiles/blink_bare.dir/home/minilay/Workspace/pico/pico-sdk/src/rp2_common/pico_stdio/stdio.c.o
 .debug_abbrev  0x00004563       0x26 /usr/lib/gcc/arm-none-eabi/15.2.0/thumb/v6-m/nofp/libgcc.a(_dvmd_tls.o)
 .debug_abbrev  0x00004589       0xc4 /usr/lib/gcc/arm-none-eabi/15.2.0/../../../../arm-none-eabi/lib/thumb/v6-m/nofp/libg.a(libc_a-atexit.o)
 .debug_abbrev  0x0000464d       0xcf /usr/lib/gcc/arm-none-eabi/15.2.0/../../../../arm-none-eabi/lib/thumb/v6-m/nofp/libg.a(libc_a-fini.o)
 .debug_abbrev  0x0000471c      0x11b /usr/lib/gcc/arm-none-eabi/15.2.0/../../../../arm-none-eabi/lib/thumb/v6-m/nofp/libg.a(libc_a-lock.o)
 .debug_abbrev  0x00004837       0x96 /usr/lib/gcc/arm-none-eabi/15.2.0/../../../../arm-none-eabi/lib/thumb/v6-m/nofp/libg.a(libc_a-strlen-stub.o)
 .debug_abbrev  0x000048cd      0x18f /usr/lib/gcc/arm-none-eabi/15.2.0/../../../../arm-none-eabi/lib/thumb/v6-m/nofp/libg.a(libc_a-__atexit.o)
 .debug_abbrev  0x00004a5c      0x206 /usr/lib/gcc/arm-none-eabi/15.2.0/../../../../arm-none-eabi/lib/thumb/v6-m/nofp/libg.a(libc_a-__call_atexit.o)

.debug_aranges  0x00000000      0xe80
 .debug_aranges
                0x00000000       0x20 CMakeFiles/blink_bare.dir/main.c.o
 .debug_aranges
                0x00000020       0x28 CMakeFiles/blink_bare.dir/home/minilay/Workspace/pico/pico-sdk/src/rp2_common/pico_platform_panic/panic.c.o
 .debug_aranges
                0x00000048       0x48 CMakeFiles/blink_bare.dir/home/minilay/Workspace/pico/pico-sdk/src/common/hardware_claim/claim.c.o
 .debug_aranges
                0x00000090       0x48 CMakeFiles/blink_bare.dir/home/minilay/Workspace/pico/pico-sdk/src/rp2_common/hardware_sync/sync.c.o
 .debug_aranges
                0x000000d8       0x28 CMakeFiles/blink_bare.dir/home/minilay/Workspace/pico/pico-sdk/src/rp2_common/hardware_sync_spin_lock/sync_spin_lock.c.o
 .debug_aranges
                0x00000100       0xc0 CMakeFiles/blink_bare.dir/home/minilay/Workspace/pico/pico-sdk/src/rp2_common/hardware_irq/irq.c.o
 .debug_aranges
                0x000001c0       0x20 CMakeFiles/blink_bare.dir/home/minilay/Workspace/pico/pico-sdk/src/common/pico_sync/lock_core.c.o
 .debug_aranges
                0x000001e0       0x98 CMakeFiles/blink_bare.dir/home/minilay/Workspace/pico/pico-sdk/src/common/pico_sync/mutex.c.o
 .debug_aranges
                0x00000278       0xf0 CMakeFiles/blink_bare.dir/home/minilay/Workspace/pico/pico-sdk/src/common/pico_time/time.c.o
 .debug_aranges
                0x00000368       0xf0 CMakeFiles/blink_bare.dir/home/minilay/Workspace/pico/pico-sdk/src/rp2_common/hardware_timer/timer.c.o
 .debug_aranges
                0x00000458       0xa0 CMakeFiles/blink_bare.dir/home/minilay/Workspace/pico/pico-sdk/src/rp2_common/hardware_clocks/clocks.c.o
 .debug_aranges
                0x000004f8       0x28 CMakeFiles/blink_bare.dir/home/minilay/Workspace/pico/pico-sdk/src/rp2_common/hardware_pll/pll.c.o
 .debug_aranges
                0x00000520       0x30 CMakeFiles/blink_bare.dir/home/minilay/Workspace/pico/pico-sdk/src/rp2_common/hardware_ticks/ticks.c.o
 .debug_aranges
                0x00000550       0x40 CMakeFiles/blink_bare.dir/home/minilay/Workspace/pico/pico-sdk/src/rp2_common/pico_bootrom/bootrom.c.o
 .debug_aranges
                0x00000590       0x30 CMakeFiles/blink_bare.dir/home/minilay/Workspace/pico/pico-sdk/src/rp2_common/hardware_xosc/xosc.c.o
 .debug_aranges
                0x000005c0       0x38 CMakeFiles/blink_bare.dir/home/minilay/Workspace/pico/pico-sdk/src/rp2_common/pico_runtime/runtime.c.o
 .debug_aranges
                0x000005f8       0x48 CMakeFiles/blink_bare.dir/home/minilay/Workspace/pico/pico-sdk/src/rp2_common/pico_runtime_init/runtime_init.c.o
 .debug_aranges
                0x00000640       0x20 CMakeFiles/blink_bare.dir/home/minilay/Workspace/pico/pico-sdk/src/rp2_common/pico_runtime_init/runtime_init_clocks.c.o
 .debug_aranges
                0x00000660       0x60 CMakeFiles/blink_bare.dir/home/minilay/Workspace/pico/pico-sdk/src/rp2_common/pico_bit_ops/bit_ops_aeabi.S.o
 .debug_aranges
                0x000006c0       0x40 CMakeFiles/blink_bare.dir/home/minilay/Workspace/pico/pico-sdk/src/rp2_common/pico_divider/divider_hardware.S.o
 .debug_aranges
                0x00000700      0x150 CMakeFiles/blink_bare.dir/home/minilay/Workspace/pico/pico-sdk/src/rp2_common/pico_double/double_aeabi_rp2040.S.o
 .debug_aranges
                0x00000850       0x20 CMakeFiles/blink_bare.dir/home/minilay/Workspace/pico/pico-sdk/src/rp2_common/pico_double/double_init_rom_rp2040.c.o
 .debug_aranges
                0x00000870       0xc8 CMakeFiles/blink_bare.dir/home/minilay/Workspace/pico/pico-sdk/src/rp2_common/pico_double/double_v1_rom_shim_rp2040.S.o
 .debug_aranges
                0x00000938      0x138 CMakeFiles/blink_bare.dir/home/minilay/Workspace/pico/pico-sdk/src/rp2_common/pico_float/float_aeabi_rp2040.S.o
 .debug_aranges
                0x00000a70       0x20 CMakeFiles/blink_bare.dir/home/minilay/Workspace/pico/pico-sdk/src/rp2_common/pico_float/float_init_rom_rp2040.c.o
 .debug_aranges
                0x00000a90       0x50 CMakeFiles/blink_bare.dir/home/minilay/Workspace/pico/pico-sdk/src/rp2_common/pico_float/float_v1_rom_shim_rp2040.S.o
 .debug_aranges
                0x00000ae0       0x38 CMakeFiles/blink_bare.dir/home/minilay/Workspace/pico/pico-sdk/src/rp2_common/pico_mem_ops/mem_ops_aeabi.S.o
 .debug_aranges
                0x00000b18       0x18 CMakeFiles/blink_bare.dir/home/minilay/Workspace/pico/pico-sdk/src/rp2_common/pico_standard_binary_info/standard_binary_info.c.o
 .debug_aranges
                0x00000b30       0x88 CMakeFiles/blink_bare.dir/home/minilay/Workspace/pico/pico-sdk/src/rp2_common/pico_printf/printf.c.o
 .debug_aranges
                0x00000bb8       0x28 CMakeFiles/blink_bare.dir/home/minilay/Workspace/pico/pico-sdk/src/rp2_common/pico_crt0/crt0.S.o
 .debug_aranges
                0x00000be0       0xa8 CMakeFiles/blink_bare.dir/home/minilay/Workspace/pico/pico-sdk/src/rp2_common/pico_clib_interface/newlib_interface.c.o
 .debug_aranges
                0x00000c88       0xc8 CMakeFiles/blink_bare.dir/home/minilay/Workspace/pico/pico-sdk/src/rp2_common/pico_stdio/stdio.c.o
 .debug_aranges
                0x00000d50       0x20 /usr/lib/gcc/arm-none-eabi/15.2.0/thumb/v6-m/nofp/libgcc.a(_dvmd_tls.o)
 .debug_aranges
                0x00000d70       0x20 /usr/lib/gcc/arm-none-eabi/15.2.0/../../../../arm-none-eabi/lib/thumb/v6-m/nofp/libg.a(libc_a-atexit.o)
 .debug_aranges
                0x00000d90       0x20 /usr/lib/gcc/arm-none-eabi/15.2.0/../../../../arm-none-eabi/lib/thumb/v6-m/nofp/libg.a(libc_a-fini.o)
 .debug_aranges
                0x00000db0       0x68 /usr/lib/gcc/arm-none-eabi/15.2.0/../../../../arm-none-eabi/lib/thumb/v6-m/nofp/libg.a(libc_a-lock.o)
 .debug_aranges
                0x00000e18       0x20 /usr/lib/gcc/arm-none-eabi/15.2.0/../../../../arm-none-eabi/lib/thumb/v6-m/nofp/libg.a(libc_a-strlen-stub.o)
 .debug_aranges
                0x00000e38       0x20 /usr/lib/gcc/arm-none-eabi/15.2.0/../../../../arm-none-eabi/lib/thumb/v6-m/nofp/libg.a(libc_a-__atexit.o)
 .debug_aranges
                0x00000e58       0x28 /usr/lib/gcc/arm-none-eabi/15.2.0/../../../../arm-none-eabi/lib/thumb/v6-m/nofp/libg.a(libc_a-__call_atexit.o)

.debug_rnglists
                0x00000000     0x1bad
 .debug_rnglists
                0x00000000       0x22 CMakeFiles/blink_bare.dir/main.c.o
 .debug_rnglists
                0x00000022       0x19 CMakeFiles/blink_bare.dir/home/minilay/Workspace/pico/pico-sdk/src/rp2_common/pico_platform_panic/panic.c.o
 .debug_rnglists
                0x0000003b       0xb6 CMakeFiles/blink_bare.dir/home/minilay/Workspace/pico/pico-sdk/src/common/hardware_claim/claim.c.o
 .debug_rnglists
                0x000000f1       0x58 CMakeFiles/blink_bare.dir/home/minilay/Workspace/pico/pico-sdk/src/rp2_common/hardware_sync/sync.c.o
 .debug_rnglists
                0x00000149       0x3d CMakeFiles/blink_bare.dir/home/minilay/Workspace/pico/pico-sdk/src/rp2_common/hardware_sync_spin_lock/sync_spin_lock.c.o
 .debug_rnglists
                0x00000186      0x3c5 CMakeFiles/blink_bare.dir/home/minilay/Workspace/pico/pico-sdk/src/rp2_common/hardware_irq/irq.c.o
 .debug_rnglists
                0x0000054b       0x1f CMakeFiles/blink_bare.dir/home/minilay/Workspace/pico/pico-sdk/src/common/pico_sync/lock_core.c.o
 .debug_rnglists
                0x0000056a      0x241 CMakeFiles/blink_bare.dir/home/minilay/Workspace/pico/pico-sdk/src/common/pico_sync/mutex.c.o
 .debug_rnglists
                0x000007ab      0x485 CMakeFiles/blink_bare.dir/home/minilay/Workspace/pico/pico-sdk/src/common/pico_time/time.c.o
 .debug_rnglists
                0x00000c30      0x27e CMakeFiles/blink_bare.dir/home/minilay/Workspace/pico/pico-sdk/src/rp2_common/hardware_timer/timer.c.o
 .debug_rnglists
                0x00000eae      0x232 CMakeFiles/blink_bare.dir/home/minilay/Workspace/pico/pico-sdk/src/rp2_common/hardware_clocks/clocks.c.o
 .debug_rnglists
                0x000010e0       0x4d CMakeFiles/blink_bare.dir/home/minilay/Workspace/pico/pico-sdk/src/rp2_common/hardware_pll/pll.c.o
 .debug_rnglists
                0x0000112d       0x2b CMakeFiles/blink_bare.dir/home/minilay/Workspace/pico/pico-sdk/src/rp2_common/hardware_ticks/ticks.c.o
 .debug_rnglists
                0x00001158      0x112 CMakeFiles/blink_bare.dir/home/minilay/Workspace/pico/pico-sdk/src/rp2_common/pico_bootrom/bootrom.c.o
 .debug_rnglists
                0x0000126a       0x1f CMakeFiles/blink_bare.dir/home/minilay/Workspace/pico/pico-sdk/src/rp2_common/hardware_xosc/xosc.c.o
 .debug_rnglists
                0x00001289       0x6d CMakeFiles/blink_bare.dir/home/minilay/Workspace/pico/pico-sdk/src/rp2_common/pico_runtime/runtime.c.o
 .debug_rnglists
                0x000012f6       0x49 CMakeFiles/blink_bare.dir/home/minilay/Workspace/pico/pico-sdk/src/rp2_common/pico_runtime_init/runtime_init.c.o
 .debug_rnglists
                0x0000133f       0x20 CMakeFiles/blink_bare.dir/home/minilay/Workspace/pico/pico-sdk/src/rp2_common/pico_runtime_init/runtime_init_clocks.c.o
 .debug_rnglists
                0x0000135f       0x43 CMakeFiles/blink_bare.dir/home/minilay/Workspace/pico/pico-sdk/src/rp2_common/pico_bit_ops/bit_ops_aeabi.S.o
 .debug_rnglists
                0x000013a2       0x2c CMakeFiles/blink_bare.dir/home/minilay/Workspace/pico/pico-sdk/src/rp2_common/pico_divider/divider_hardware.S.o
 .debug_rnglists
                0x000013ce       0xf9 CMakeFiles/blink_bare.dir/home/minilay/Workspace/pico/pico-sdk/src/rp2_common/pico_double/double_aeabi_rp2040.S.o
 .debug_rnglists
                0x000014c7       0x24 CMakeFiles/blink_bare.dir/home/minilay/Workspace/pico/pico-sdk/src/rp2_common/pico_double/double_init_rom_rp2040.c.o
 .debug_rnglists